0 verbose cli /home/vagrant/.nvm/versions/node/v20.20.2/bin/node /home/vagrant/.nvm/versions/node/v20.20.2/bin/npm
1 info using npm@10.8.2
2 info using node@v20.20.2
3 silly config load:file:/home/vagrant/.nvm/versions/node/v20.20.2/lib/node_modules/npm/npmrc
4 silly config load:file:/home/vagrant/backend/.npmrc
5 silly config load:file:/home/vagrant/.npmrc
6 silly config load:file:/home/vagrant/.nvm/versions/node/v20.20.2/etc/npmrc
7 verbose title npm install
8 verbose argv "install"
9 verbose logfile logs-max:10 dir:/home/vagrant/.npm/_logs/2026-04-10T00_46_32_875Z-
10 verbose logfile /home/vagrant/.npm/_logs/2026-04-10T00_46_32_875Z-debug-0.log
11 silly packumentCache heap:2101346304 maxSize:525336576 maxEntrySize:262668288
12 silly logfile done cleaning log files
13 silly idealTree buildDeps
14 silly fetch manifest dotenv@^16.4.5
15 silly packumentCache full:https://registry.npmjs.org/dotenv cache-miss
16 http fetch GET 200 https://registry.npmjs.org/dotenv 592ms (cache miss)
17 silly packumentCache full:https://registry.npmjs.org/dotenv set size:undefined disposed:false
18 silly fetch manifest express@^4.19.2
19 silly packumentCache full:https://registry.npmjs.org/express cache-miss
20 http fetch GET 200 https://registry.npmjs.org/express 233ms (cache miss)
21 silly packumentCache full:https://registry.npmjs.org/express set size:undefined disposed:false
22 silly fetch manifest mysql2@^3.11.3
23 silly packumentCache full:https://registry.npmjs.org/mysql2 cache-miss
24 http fetch GET 200 https://registry.npmjs.org/mysql2 784ms (cache miss)
25 silly packumentCache full:https://registry.npmjs.org/mysql2 set size:undefined disposed:false
26 silly fetch manifest @types/node@>= 8
27 silly packumentCache full:https://registry.npmjs.org/@types%2fnode cache-miss
28 http fetch GET 200 https://registry.npmjs.org/@types%2fnode 875ms (cache miss)
29 silly packumentCache full:https://registry.npmjs.org/@types%2fnode set size:undefined disposed:false
30 silly placeDep ROOT dotenv@16.6.1 OK for: backend-students-app@1.0.0 want: ^16.4.5
31 silly placeDep ROOT express@4.22.1 OK for: backend-students-app@1.0.0 want: ^4.19.2
32 silly placeDep ROOT mysql2@3.21.0 OK for: backend-students-app@1.0.0 want: ^3.11.3
33 silly placeDep ROOT @types/node@25.5.2 OK for: mysql2@3.21.0 want: >= 8
34 silly fetch manifest qs@~6.14.0
35 silly packumentCache full:https://registry.npmjs.org/qs cache-miss
36 http fetch GET 200 https://registry.npmjs.org/qs 113ms (cache miss)
37 silly packumentCache full:https://registry.npmjs.org/qs set size:undefined disposed:false
38 silly fetch manifest depd@2.0.0
39 silly packumentCache full:https://registry.npmjs.org/depd cache-miss
40 http fetch GET 200 https://registry.npmjs.org/depd 87ms (cache miss)
41 silly packumentCache full:https://registry.npmjs.org/depd set size:undefined disposed:false
42 silly fetch manifest etag@~1.8.1
43 silly packumentCache full:https://registry.npmjs.org/etag cache-miss
44 http fetch GET 200 https://registry.npmjs.org/etag 79ms (cache miss)
45 silly packumentCache full:https://registry.npmjs.org/etag set size:undefined disposed:false
46 silly fetch manifest send@~0.19.0
47 silly packumentCache full:https://registry.npmjs.org/send cache-miss
48 http fetch GET 200 https://registry.npmjs.org/send 90ms (cache miss)
49 silly packumentCache full:https://registry.npmjs.org/send set size:undefined disposed:false
50 silly fetch manifest vary@~1.1.2
51 silly packumentCache full:https://registry.npmjs.org/vary cache-miss
52 http fetch GET 200 https://registry.npmjs.org/vary 78ms (cache miss)
53 silly packumentCache full:https://registry.npmjs.org/vary set size:undefined disposed:false
54 silly fetch manifest debug@2.6.9
55 silly packumentCache full:https://registry.npmjs.org/debug cache-miss
56 http fetch GET 200 https://registry.npmjs.org/debug 118ms (cache miss)
57 silly packumentCache full:https://registry.npmjs.org/debug set size:undefined disposed:false
58 silly fetch manifest fresh@~0.5.2
59 silly packumentCache full:https://registry.npmjs.org/fresh cache-miss
60 http fetch GET 200 https://registry.npmjs.org/fresh 84ms (cache miss)
61 silly packumentCache full:https://registry.npmjs.org/fresh set size:undefined disposed:false
62 silly fetch manifest cookie@~0.7.1
63 silly packumentCache full:https://registry.npmjs.org/cookie cache-miss
64 http fetch GET 200 https://registry.npmjs.org/cookie 92ms (cache miss)
65 silly packumentCache full:https://registry.npmjs.org/cookie set size:undefined disposed:false
66 silly fetch manifest accepts@~1.3.8
67 silly packumentCache full:https://registry.npmjs.org/accepts cache-miss
68 http fetch GET 200 https://registry.npmjs.org/accepts 92ms (cache miss)
69 silly packumentCache full:https://registry.npmjs.org/accepts set size:undefined disposed:false
70 silly fetch manifest methods@~1.1.2
71 silly packumentCache full:https://registry.npmjs.org/methods cache-miss
72 http fetch GET 200 https://registry.npmjs.org/methods 102ms (cache miss)
73 silly packumentCache full:https://registry.npmjs.org/methods set size:undefined disposed:false
74 silly fetch manifest type-is@~1.6.18
75 silly packumentCache full:https://registry.npmjs.org/type-is cache-miss
76 http fetch GET 200 https://registry.npmjs.org/type-is 96ms (cache miss)
77 silly packumentCache full:https://registry.npmjs.org/type-is set size:undefined disposed:false
78 silly fetch manifest parseurl@~1.3.3
79 silly packumentCache full:https://registry.npmjs.org/parseurl cache-miss
80 http fetch GET 200 https://registry.npmjs.org/parseurl 85ms (cache miss)
81 silly packumentCache full:https://registry.npmjs.org/parseurl set size:undefined disposed:false
82 silly fetch manifest statuses@~2.0.1
83 silly packumentCache full:https://registry.npmjs.org/statuses cache-miss
84 http fetch GET 200 https://registry.npmjs.org/statuses 89ms (cache miss)
85 silly packumentCache full:https://registry.npmjs.org/statuses set size:undefined disposed:false
86 silly fetch manifest encodeurl@~2.0.0
87 silly packumentCache full:https://registry.npmjs.org/encodeurl cache-miss
88 http fetch GET 200 https://registry.npmjs.org/encodeurl 76ms (cache miss)
89 silly packumentCache full:https://registry.npmjs.org/encodeurl set size:undefined disposed:false
90 silly fetch manifest proxy-addr@~2.0.7
91 silly packumentCache full:https://registry.npmjs.org/proxy-addr cache-miss
92 http fetch GET 200 https://registry.npmjs.org/proxy-addr 87ms (cache miss)
93 silly packumentCache full:https://registry.npmjs.org/proxy-addr set size:undefined disposed:false
94 silly fetch manifest body-parser@~1.20.3
95 silly packumentCache full:https://registry.npmjs.org/body-parser cache-miss
96 http fetch GET 200 https://registry.npmjs.org/body-parser 96ms (cache miss)
97 silly packumentCache full:https://registry.npmjs.org/body-parser set size:undefined disposed:false
98 silly fetch manifest escape-html@~1.0.3
99 silly packumentCache full:https://registry.npmjs.org/escape-html cache-miss
100 http fetch GET 200 https://registry.npmjs.org/escape-html 83ms (cache miss)
101 silly packumentCache full:https://registry.npmjs.org/escape-html set size:undefined disposed:false
102 silly fetch manifest http-errors@~2.0.0
103 silly packumentCache full:https://registry.npmjs.org/http-errors cache-miss
104 http fetch GET 200 https://registry.npmjs.org/http-errors 90ms (cache miss)
105 silly packumentCache full:https://registry.npmjs.org/http-errors set size:undefined disposed:false
106 silly fetch manifest on-finished@~2.4.1
107 silly packumentCache full:https://registry.npmjs.org/on-finished cache-miss
108 http fetch GET 200 https://registry.npmjs.org/on-finished 83ms (cache miss)
109 silly packumentCache full:https://registry.npmjs.org/on-finished set size:undefined disposed:false
110 silly fetch manifest safe-buffer@5.2.1
111 silly packumentCache full:https://registry.npmjs.org/safe-buffer cache-miss
112 http fetch GET 200 https://registry.npmjs.org/safe-buffer 87ms (cache miss)
113 silly packumentCache full:https://registry.npmjs.org/safe-buffer set size:undefined disposed:false
114 silly fetch manifest utils-merge@1.0.1
115 silly packumentCache full:https://registry.npmjs.org/utils-merge cache-miss
116 http fetch GET 200 https://registry.npmjs.org/utils-merge 77ms (cache miss)
117 silly packumentCache full:https://registry.npmjs.org/utils-merge set size:undefined disposed:false
118 silly fetch manifest content-type@~1.0.4
119 silly packumentCache full:https://registry.npmjs.org/content-type cache-miss
120 http fetch GET 200 https://registry.npmjs.org/content-type 84ms (cache miss)
121 silly packumentCache full:https://registry.npmjs.org/content-type set size:undefined disposed:false
122 silly fetch manifest finalhandler@~1.3.1
123 silly packumentCache full:https://registry.npmjs.org/finalhandler cache-miss
124 http fetch GET 200 https://registry.npmjs.org/finalhandler 85ms (cache miss)
125 silly packumentCache full:https://registry.npmjs.org/finalhandler set size:undefined disposed:false
126 silly fetch manifest range-parser@~1.2.1
127 silly packumentCache full:https://registry.npmjs.org/range-parser cache-miss
128 http fetch GET 200 https://registry.npmjs.org/range-parser 88ms (cache miss)
129 silly packumentCache full:https://registry.npmjs.org/range-parser set size:undefined disposed:false
130 silly fetch manifest serve-static@~1.16.2
131 silly packumentCache full:https://registry.npmjs.org/serve-static cache-miss
132 http fetch GET 200 https://registry.npmjs.org/serve-static 87ms (cache miss)
133 silly packumentCache full:https://registry.npmjs.org/serve-static set size:undefined disposed:false
134 silly fetch manifest array-flatten@1.1.1
135 silly packumentCache full:https://registry.npmjs.org/array-flatten cache-miss
136 http fetch GET 200 https://registry.npmjs.org/array-flatten 77ms (cache miss)
137 silly packumentCache full:https://registry.npmjs.org/array-flatten set size:undefined disposed:false
138 silly fetch manifest path-to-regexp@~0.1.12
139 silly packumentCache full:https://registry.npmjs.org/path-to-regexp cache-miss
140 http fetch GET 200 https://registry.npmjs.org/path-to-regexp 102ms (cache miss)
141 silly packumentCache full:https://registry.npmjs.org/path-to-regexp set size:undefined disposed:false
142 silly fetch manifest setprototypeof@1.2.0
143 silly packumentCache full:https://registry.npmjs.org/setprototypeof cache-miss
144 http fetch GET 200 https://registry.npmjs.org/setprototypeof 87ms (cache miss)
145 silly packumentCache full:https://registry.npmjs.org/setprototypeof set size:undefined disposed:false
146 silly fetch manifest cookie-signature@~1.0.6
147 silly packumentCache full:https://registry.npmjs.org/cookie-signature cache-miss
148 http fetch GET 200 https://registry.npmjs.org/cookie-signature 83ms (cache miss)
149 silly packumentCache full:https://registry.npmjs.org/cookie-signature set size:undefined disposed:false
150 silly fetch manifest merge-descriptors@1.0.3
151 silly packumentCache full:https://registry.npmjs.org/merge-descriptors cache-miss
152 http fetch GET 200 https://registry.npmjs.org/merge-descriptors 76ms (cache miss)
153 silly packumentCache full:https://registry.npmjs.org/merge-descriptors set size:undefined disposed:false
154 silly fetch manifest content-disposition@~0.5.4
155 silly packumentCache full:https://registry.npmjs.org/content-disposition cache-miss
156 http fetch GET 200 https://registry.npmjs.org/content-disposition 78ms (cache miss)
157 silly packumentCache full:https://registry.npmjs.org/content-disposition set size:undefined disposed:false
158 silly fetch manifest long@^5.3.2
159 silly packumentCache full:https://registry.npmjs.org/long cache-miss
160 http fetch GET 200 https://registry.npmjs.org/long 100ms (cache miss)
161 silly packumentCache full:https://registry.npmjs.org/long set size:undefined disposed:false
162 silly fetch manifest denque@^2.1.0
163 silly packumentCache full:https://registry.npmjs.org/denque cache-miss
164 http fetch GET 200 https://registry.npmjs.org/denque 84ms (cache miss)
165 silly packumentCache full:https://registry.npmjs.org/denque set size:undefined disposed:false
166 silly fetch manifest lru.min@^1.1.4
167 silly packumentCache full:https://registry.npmjs.org/lru.min cache-miss
168 http fetch GET 200 https://registry.npmjs.org/lru.min 79ms (cache miss)
169 silly packumentCache full:https://registry.npmjs.org/lru.min set size:undefined disposed:false
170 silly fetch manifest iconv-lite@^0.7.2
171 silly packumentCache full:https://registry.npmjs.org/iconv-lite cache-miss
172 http fetch GET 200 https://registry.npmjs.org/iconv-lite 81ms (cache miss)
173 silly packumentCache full:https://registry.npmjs.org/iconv-lite set size:undefined disposed:false
174 silly fetch manifest sql-escaper@^1.3.3
175 silly packumentCache full:https://registry.npmjs.org/sql-escaper cache-miss
176 http fetch GET 200 https://registry.npmjs.org/sql-escaper 257ms (cache miss)
177 silly packumentCache full:https://registry.npmjs.org/sql-escaper set size:undefined disposed:false
178 silly fetch manifest aws-ssl-profiles@^1.1.2
179 silly packumentCache full:https://registry.npmjs.org/aws-ssl-profiles cache-miss
180 http fetch GET 200 https://registry.npmjs.org/aws-ssl-profiles 238ms (cache miss)
181 silly packumentCache full:https://registry.npmjs.org/aws-ssl-profiles set size:undefined disposed:false
182 silly fetch manifest generate-function@^2.3.1
183 silly packumentCache full:https://registry.npmjs.org/generate-function cache-miss
184 http fetch GET 200 https://registry.npmjs.org/generate-function 82ms (cache miss)
185 silly packumentCache full:https://registry.npmjs.org/generate-function set size:undefined disposed:false
186 silly fetch manifest named-placeholders@^1.1.6
187 silly packumentCache full:https://registry.npmjs.org/named-placeholders cache-miss
188 http fetch GET 200 https://registry.npmjs.org/named-placeholders 96ms (cache miss)
189 silly packumentCache full:https://registry.npmjs.org/named-placeholders set size:undefined disposed:false
190 silly fetch manifest undici-types@~7.18.0
191 silly packumentCache full:https://registry.npmjs.org/undici-types cache-miss
192 http fetch GET 200 https://registry.npmjs.org/undici-types 94ms (cache miss)
193 silly packumentCache full:https://registry.npmjs.org/undici-types set size:undefined disposed:false
194 silly placeDep ROOT undici-types@7.18.2 OK for: @types/node@25.5.2 want: ~7.18.0
195 silly placeDep ROOT accepts@1.3.8 OK for: express@4.22.1 want: ~1.3.8
196 silly placeDep ROOT array-flatten@1.1.1 OK for: express@4.22.1 want: 1.1.1
197 silly placeDep ROOT body-parser@1.20.4 OK for: express@4.22.1 want: ~1.20.3
198 silly placeDep ROOT content-disposition@0.5.4 OK for: express@4.22.1 want: ~0.5.4
199 silly placeDep ROOT content-type@1.0.5 OK for: express@4.22.1 want: ~1.0.4
200 silly placeDep ROOT cookie@0.7.2 OK for: express@4.22.1 want: ~0.7.1
201 silly placeDep ROOT cookie-signature@1.0.7 OK for: express@4.22.1 want: ~1.0.6
202 silly placeDep ROOT debug@2.6.9 OK for: express@4.22.1 want: 2.6.9
203 silly placeDep ROOT depd@2.0.0 OK for: express@4.22.1 want: 2.0.0
204 silly placeDep ROOT encodeurl@2.0.0 OK for: express@4.22.1 want: ~2.0.0
205 silly placeDep ROOT escape-html@1.0.3 OK for: express@4.22.1 want: ~1.0.3
206 silly placeDep ROOT etag@1.8.1 OK for: express@4.22.1 want: ~1.8.1
207 silly placeDep ROOT finalhandler@1.3.2 OK for: express@4.22.1 want: ~1.3.1
208 silly placeDep ROOT fresh@0.5.2 OK for: express@4.22.1 want: ~0.5.2
209 silly placeDep ROOT http-errors@2.0.1 OK for: express@4.22.1 want: ~2.0.0
210 silly placeDep ROOT merge-descriptors@1.0.3 OK for: express@4.22.1 want: 1.0.3
211 silly placeDep ROOT methods@1.1.2 OK for: express@4.22.1 want: ~1.1.2
212 silly placeDep ROOT on-finished@2.4.1 OK for: express@4.22.1 want: ~2.4.1
213 silly placeDep ROOT parseurl@1.3.3 OK for: express@4.22.1 want: ~1.3.3
214 silly placeDep ROOT path-to-regexp@0.1.13 OK for: express@4.22.1 want: ~0.1.12
215 silly placeDep ROOT proxy-addr@2.0.7 OK for: express@4.22.1 want: ~2.0.7
216 silly placeDep ROOT qs@6.14.2 OK for: express@4.22.1 want: ~6.14.0
217 silly placeDep ROOT range-parser@1.2.1 OK for: express@4.22.1 want: ~1.2.1
218 silly placeDep ROOT safe-buffer@5.2.1 OK for: express@4.22.1 want: 5.2.1
219 silly placeDep ROOT send@0.19.2 OK for: express@4.22.1 want: ~0.19.0
220 silly placeDep ROOT serve-static@1.16.3 OK for: express@4.22.1 want: ~1.16.2
221 silly placeDep ROOT setprototypeof@1.2.0 OK for: express@4.22.1 want: 1.2.0
222 silly placeDep ROOT statuses@2.0.2 OK for: express@4.22.1 want: ~2.0.1
223 silly placeDep ROOT type-is@1.6.18 OK for: express@4.22.1 want: ~1.6.18
224 silly placeDep ROOT utils-merge@1.0.1 OK for: express@4.22.1 want: 1.0.1
225 silly placeDep ROOT vary@1.1.2 OK for: express@4.22.1 want: ~1.1.2
226 silly fetch manifest mime-types@~2.1.34
227 silly packumentCache full:https://registry.npmjs.org/mime-types cache-miss
228 http fetch GET 200 https://registry.npmjs.org/mime-types 86ms (cache miss)
229 silly packumentCache full:https://registry.npmjs.org/mime-types set size:undefined disposed:false
230 silly fetch manifest negotiator@0.6.3
231 silly packumentCache full:https://registry.npmjs.org/negotiator cache-miss
232 http fetch GET 200 https://registry.npmjs.org/negotiator 80ms (cache miss)
233 silly packumentCache full:https://registry.npmjs.org/negotiator set size:undefined disposed:false
234 silly fetch manifest bytes@~3.1.2
235 silly packumentCache full:https://registry.npmjs.org/bytes cache-miss
236 http fetch GET 200 https://registry.npmjs.org/bytes 113ms (cache miss)
237 silly packumentCache full:https://registry.npmjs.org/bytes set size:undefined disposed:false
238 silly fetch manifest unpipe@~1.0.0
239 silly packumentCache full:https://registry.npmjs.org/unpipe cache-miss
240 http fetch GET 200 https://registry.npmjs.org/unpipe 78ms (cache miss)
241 silly packumentCache full:https://registry.npmjs.org/unpipe set size:undefined disposed:false
242 silly fetch manifest destroy@~1.2.0
243 silly packumentCache full:https://registry.npmjs.org/destroy cache-miss
244 http fetch GET 200 https://registry.npmjs.org/destroy 76ms (cache miss)
245 silly packumentCache full:https://registry.npmjs.org/destroy set size:undefined disposed:false
246 silly fetch manifest raw-body@~2.5.3
247 silly packumentCache full:https://registry.npmjs.org/raw-body cache-miss
248 http fetch GET 200 https://registry.npmjs.org/raw-body 93ms (cache miss)
249 silly packumentCache full:https://registry.npmjs.org/raw-body set size:undefined disposed:false
250 silly fetch manifest iconv-lite@~0.4.24
251 silly packumentCache full:https://registry.npmjs.org/iconv-lite cache-miss
252 http fetch GET 200 https://registry.npmjs.org/iconv-lite 21ms (cache hit)
253 silly packumentCache full:https://registry.npmjs.org/iconv-lite set size:120557 disposed:false
254 silly fetch manifest http-errors@~2.0.1
255 silly packumentCache full:https://registry.npmjs.org/http-errors cache-miss
256 http fetch GET 200 https://registry.npmjs.org/http-errors 15ms (cache hit)
257 silly packumentCache full:https://registry.npmjs.org/http-errors set size:71987 disposed:false
258 silly fetch manifest content-type@~1.0.5
259 silly packumentCache full:https://registry.npmjs.org/content-type cache-miss
260 http fetch GET 200 https://registry.npmjs.org/content-type 14ms (cache hit)
261 silly packumentCache full:https://registry.npmjs.org/content-type set size:17311 disposed:false
262 silly fetch manifest ms@2.0.0
263 silly packumentCache full:https://registry.npmjs.org/ms cache-miss
264 http fetch GET 200 https://registry.npmjs.org/ms 93ms (cache miss)
265 silly packumentCache full:https://registry.npmjs.org/ms set size:undefined disposed:false
266 silly fetch manifest statuses@~2.0.2
267 silly packumentCache full:https://registry.npmjs.org/statuses cache-miss
268 http fetch GET 200 https://registry.npmjs.org/statuses 19ms (cache hit)
269 silly packumentCache full:https://registry.npmjs.org/statuses set size:37117 disposed:false
270 silly fetch manifest inherits@~2.0.4
271 silly packumentCache full:https://registry.npmjs.org/inherits cache-miss
272 http fetch GET 200 https://registry.npmjs.org/inherits 88ms (cache miss)
273 silly packumentCache full:https://registry.npmjs.org/inherits set size:undefined disposed:false
274 silly fetch manifest setprototypeof@~1.2.0
275 silly packumentCache full:https://registry.npmjs.org/setprototypeof cache-miss
276 http fetch GET 200 https://registry.npmjs.org/setprototypeof 12ms (cache hit)
277 silly packumentCache full:https://registry.npmjs.org/setprototypeof set size:14532 disposed:false
278 silly fetch manifest toidentifier@~1.0.1
279 silly packumentCache full:https://registry.npmjs.org/toidentifier cache-miss
280 http fetch GET 200 https://registry.npmjs.org/toidentifier 76ms (cache miss)
281 silly packumentCache full:https://registry.npmjs.org/toidentifier set size:undefined disposed:false
282 silly fetch manifest ee-first@1.1.1
283 silly packumentCache full:https://registry.npmjs.org/ee-first cache-miss
284 http fetch GET 200 https://registry.npmjs.org/ee-first 78ms (cache miss)
285 silly packumentCache full:https://registry.npmjs.org/ee-first set size:undefined disposed:false
286 silly fetch manifest forwarded@0.2.0
287 silly packumentCache full:https://registry.npmjs.org/forwarded cache-miss
288 http fetch GET 200 https://registry.npmjs.org/forwarded 78ms (cache miss)
289 silly packumentCache full:https://registry.npmjs.org/forwarded set size:undefined disposed:false
290 silly fetch manifest ipaddr.js@1.9.1
291 silly packumentCache full:https://registry.npmjs.org/ipaddr.js cache-miss
292 http fetch GET 200 https://registry.npmjs.org/ipaddr.js 261ms (cache miss)
293 silly packumentCache full:https://registry.npmjs.org/ipaddr.js set size:undefined disposed:false
294 silly fetch manifest side-channel@^1.1.0
295 silly packumentCache full:https://registry.npmjs.org/side-channel cache-miss
296 http fetch GET 200 https://registry.npmjs.org/side-channel 76ms (cache miss)
297 silly packumentCache full:https://registry.npmjs.org/side-channel set size:undefined disposed:false
298 silly fetch manifest ms@2.1.3
299 silly packumentCache full:https://registry.npmjs.org/ms cache-miss
300 http fetch GET 200 https://registry.npmjs.org/ms 29ms (cache hit)
301 silly packumentCache full:https://registry.npmjs.org/ms set size:92208 disposed:false
302 silly fetch manifest mime@1.6.0
303 silly packumentCache full:https://registry.npmjs.org/mime cache-miss
304 http fetch GET 200 https://registry.npmjs.org/mime 111ms (cache miss)
305 silly packumentCache full:https://registry.npmjs.org/mime set size:undefined disposed:false
306 silly fetch manifest destroy@1.2.0
307 silly packumentCache full:https://registry.npmjs.org/destroy cache-miss
308 http fetch GET 200 https://registry.npmjs.org/destroy 16ms (cache hit)
309 silly packumentCache full:https://registry.npmjs.org/destroy set size:15738 disposed:false
310 silly fetch manifest mime-types@~2.1.24
311 silly packumentCache full:https://registry.npmjs.org/mime-types cache-miss
312 http fetch GET 200 https://registry.npmjs.org/mime-types 17ms (cache hit)
313 silly packumentCache full:https://registry.npmjs.org/mime-types set size:139110 disposed:false
314 silly fetch manifest media-typer@0.3.0
315 silly packumentCache full:https://registry.npmjs.org/media-typer cache-miss
316 http fetch GET 200 https://registry.npmjs.org/media-typer 77ms (cache miss)
317 silly packumentCache full:https://registry.npmjs.org/media-typer set size:undefined disposed:false
318 silly placeDep ROOT mime-types@2.1.35 OK for: accepts@1.3.8 want: ~2.1.34
319 silly placeDep ROOT negotiator@0.6.3 OK for: accepts@1.3.8 want: 0.6.3
320 silly fetch manifest mime-db@1.52.0
321 silly packumentCache full:https://registry.npmjs.org/mime-db cache-miss
322 http fetch GET 200 https://registry.npmjs.org/mime-db 96ms (cache miss)
323 silly packumentCache full:https://registry.npmjs.org/mime-db set size:undefined disposed:false
324 silly placeDep ROOT bytes@3.1.2 OK for: body-parser@1.20.4 want: ~3.1.2
325 silly placeDep ROOT destroy@1.2.0 OK for: body-parser@1.20.4 want: ~1.2.0
326 silly placeDep ROOT iconv-lite@0.4.24 OK for: body-parser@1.20.4 want: ~0.4.24
327 silly placeDep ROOT raw-body@2.5.3 OK for: body-parser@1.20.4 want: ~2.5.3
328 silly placeDep ROOT unpipe@1.0.0 OK for: body-parser@1.20.4 want: ~1.0.0
329 silly fetch manifest safer-buffer@>= 2.1.2 < 3
330 silly packumentCache full:https://registry.npmjs.org/safer-buffer cache-miss
331 http fetch GET 200 https://registry.npmjs.org/safer-buffer 77ms (cache miss)
332 silly packumentCache full:https://registry.npmjs.org/safer-buffer set size:undefined disposed:false
333 silly placeDep ROOT ms@2.0.0 OK for: debug@2.6.9 want: 2.0.0
334 silly placeDep ROOT inherits@2.0.4 OK for: http-errors@2.0.1 want: ~2.0.4
335 silly placeDep ROOT toidentifier@1.0.1 OK for: http-errors@2.0.1 want: ~1.0.1
336 silly placeDep ROOT safer-buffer@2.1.2 OK for: iconv-lite@0.4.24 want: >= 2.1.2 < 3
337 silly placeDep ROOT mime-db@1.52.0 OK for: mime-types@2.1.35 want: 1.52.0
338 silly placeDep ROOT aws-ssl-profiles@1.1.2 OK for: mysql2@3.21.0 want: ^1.1.2
339 silly placeDep ROOT denque@2.1.0 OK for: mysql2@3.21.0 want: ^2.1.0
340 silly placeDep ROOT generate-function@2.3.1 OK for: mysql2@3.21.0 want: ^2.3.1
341 silly placeDep node_modules/mysql2 iconv-lite@0.7.2 OK for: mysql2@3.21.0 want: ^0.7.2
342 silly placeDep ROOT long@5.3.2 OK for: mysql2@3.21.0 want: ^5.3.2
343 silly placeDep ROOT lru.min@1.1.4 OK for: mysql2@3.21.0 want: ^1.1.4
344 silly placeDep ROOT named-placeholders@1.1.6 OK for: mysql2@3.21.0 want: ^1.1.6
345 silly placeDep ROOT sql-escaper@1.3.3 OK for: mysql2@3.21.0 want: ^1.3.3
346 silly fetch manifest is-property@^1.0.2
347 silly packumentCache full:https://registry.npmjs.org/is-property cache-miss
348 http fetch GET 200 https://registry.npmjs.org/is-property 616ms (cache miss)
349 silly packumentCache full:https://registry.npmjs.org/is-property set size:undefined disposed:false
350 silly placeDep ROOT is-property@1.0.2 OK for: generate-function@2.3.1 want: ^1.0.2
351 silly placeDep ROOT ee-first@1.1.1 OK for: on-finished@2.4.1 want: 1.1.1
352 silly placeDep ROOT forwarded@0.2.0 OK for: proxy-addr@2.0.7 want: 0.2.0
353 silly placeDep ROOT ipaddr.js@1.9.1 OK for: proxy-addr@2.0.7 want: 1.9.1
354 silly placeDep ROOT side-channel@1.1.0 OK for: qs@6.14.2 want: ^1.1.0
355 silly fetch manifest es-errors@^1.3.0
356 silly packumentCache full:https://registry.npmjs.org/es-errors cache-miss
357 http fetch GET 200 https://registry.npmjs.org/es-errors 77ms (cache miss)
358 silly packumentCache full:https://registry.npmjs.org/es-errors set size:undefined disposed:false
359 silly fetch manifest object-inspect@^1.13.3
360 silly packumentCache full:https://registry.npmjs.org/object-inspect cache-miss
361 http fetch GET 200 https://registry.npmjs.org/object-inspect 81ms (cache miss)
362 silly packumentCache full:https://registry.npmjs.org/object-inspect set size:undefined disposed:false
363 silly fetch manifest side-channel-list@^1.0.0
364 silly packumentCache full:https://registry.npmjs.org/side-channel-list cache-miss
365 http fetch GET 200 https://registry.npmjs.org/side-channel-list 78ms (cache miss)
366 silly packumentCache full:https://registry.npmjs.org/side-channel-list set size:undefined disposed:false
367 silly fetch manifest side-channel-map@^1.0.1
368 silly packumentCache full:https://registry.npmjs.org/side-channel-map cache-miss
369 http fetch GET 200 https://registry.npmjs.org/side-channel-map 77ms (cache miss)
370 silly packumentCache full:https://registry.npmjs.org/side-channel-map set size:undefined disposed:false
371 silly fetch manifest side-channel-weakmap@^1.0.2
372 silly packumentCache full:https://registry.npmjs.org/side-channel-weakmap cache-miss
373 http fetch GET 200 https://registry.npmjs.org/side-channel-weakmap 74ms (cache miss)
374 silly packumentCache full:https://registry.npmjs.org/side-channel-weakmap set size:undefined disposed:false
375 silly placeDep ROOT mime@1.6.0 OK for: send@0.19.2 want: 1.6.0
376 silly placeDep node_modules/send ms@2.1.3 OK for: send@0.19.2 want: 2.1.3
377 silly placeDep ROOT es-errors@1.3.0 OK for: side-channel@1.1.0 want: ^1.3.0
378 silly placeDep ROOT object-inspect@1.13.4 OK for: side-channel@1.1.0 want: ^1.13.3
379 silly placeDep ROOT side-channel-list@1.0.1 OK for: side-channel@1.1.0 want: ^1.0.0
380 silly placeDep ROOT side-channel-map@1.0.1 OK for: side-channel@1.1.0 want: ^1.0.1
381 silly placeDep ROOT side-channel-weakmap@1.0.2 OK for: side-channel@1.1.0 want: ^1.0.2
382 silly fetch manifest call-bound@^1.0.2
383 silly packumentCache full:https://registry.npmjs.org/call-bound cache-miss
384 http fetch GET 200 https://registry.npmjs.org/call-bound 79ms (cache miss)
385 silly packumentCache full:https://registry.npmjs.org/call-bound set size:undefined disposed:false
386 silly fetch manifest get-intrinsic@^1.2.5
387 silly packumentCache full:https://registry.npmjs.org/get-intrinsic cache-miss
388 http fetch GET 200 https://registry.npmjs.org/get-intrinsic 79ms (cache miss)
389 silly packumentCache full:https://registry.npmjs.org/get-intrinsic set size:undefined disposed:false
390 silly placeDep ROOT call-bound@1.0.4 OK for: side-channel-map@1.0.1 want: ^1.0.2
391 silly placeDep ROOT get-intrinsic@1.3.0 OK for: side-channel-map@1.0.1 want: ^1.2.5
392 silly fetch manifest call-bind-apply-helpers@^1.0.2
393 silly packumentCache full:https://registry.npmjs.org/call-bind-apply-helpers cache-miss
394 http fetch GET 200 https://registry.npmjs.org/call-bind-apply-helpers 79ms (cache miss)
395 silly packumentCache full:https://registry.npmjs.org/call-bind-apply-helpers set size:undefined disposed:false
396 silly fetch manifest get-intrinsic@^1.3.0
397 silly packumentCache full:https://registry.npmjs.org/get-intrinsic cache-miss
398 http fetch GET 200 https://registry.npmjs.org/get-intrinsic 16ms (cache hit)
399 silly packumentCache full:https://registry.npmjs.org/get-intrinsic set size:60985 disposed:false
400 silly fetch manifest gopd@^1.2.0
401 silly packumentCache full:https://registry.npmjs.org/gopd cache-miss
402 http fetch GET 200 https://registry.npmjs.org/gopd 85ms (cache miss)
403 silly packumentCache full:https://registry.npmjs.org/gopd set size:undefined disposed:false
404 silly fetch manifest hasown@^2.0.2
405 silly packumentCache full:https://registry.npmjs.org/hasown cache-miss
406 http fetch GET 200 https://registry.npmjs.org/hasown 77ms (cache miss)
407 silly packumentCache full:https://registry.npmjs.org/hasown set size:undefined disposed:false
408 silly fetch manifest get-proto@^1.0.1
409 silly packumentCache full:https://registry.npmjs.org/get-proto cache-miss
410 http fetch GET 200 https://registry.npmjs.org/get-proto 74ms (cache miss)
411 silly packumentCache full:https://registry.npmjs.org/get-proto set size:undefined disposed:false
412 silly fetch manifest has-symbols@^1.1.0
413 silly packumentCache full:https://registry.npmjs.org/has-symbols cache-miss
414 http fetch GET 200 https://registry.npmjs.org/has-symbols 249ms (cache miss)
415 silly packumentCache full:https://registry.npmjs.org/has-symbols set size:undefined disposed:false
416 silly fetch manifest function-bind@^1.1.2
417 silly packumentCache full:https://registry.npmjs.org/function-bind cache-miss
418 http fetch GET 200 https://registry.npmjs.org/function-bind 77ms (cache miss)
419 silly packumentCache full:https://registry.npmjs.org/function-bind set size:undefined disposed:false
420 silly fetch manifest es-object-atoms@^1.1.1
421 silly packumentCache full:https://registry.npmjs.org/es-object-atoms cache-miss
422 http fetch GET 200 https://registry.npmjs.org/es-object-atoms 78ms (cache miss)
423 silly packumentCache full:https://registry.npmjs.org/es-object-atoms set size:undefined disposed:false
424 silly fetch manifest math-intrinsics@^1.1.0
425 silly packumentCache full:https://registry.npmjs.org/math-intrinsics cache-miss
426 http fetch GET 200 https://registry.npmjs.org/math-intrinsics 75ms (cache miss)
427 silly packumentCache full:https://registry.npmjs.org/math-intrinsics set size:undefined disposed:false
428 silly fetch manifest es-define-property@^1.0.1
429 silly packumentCache full:https://registry.npmjs.org/es-define-property cache-miss
430 http fetch GET 200 https://registry.npmjs.org/es-define-property 84ms (cache miss)
431 silly packumentCache full:https://registry.npmjs.org/es-define-property set size:undefined disposed:false
432 silly placeDep ROOT call-bind-apply-helpers@1.0.2 OK for: call-bound@1.0.4 want: ^1.0.2
433 silly placeDep ROOT function-bind@1.1.2 OK for: call-bind-apply-helpers@1.0.2 want: ^1.1.2
434 silly placeDep ROOT es-define-property@1.0.1 OK for: get-intrinsic@1.3.0 want: ^1.0.1
435 silly placeDep ROOT es-object-atoms@1.1.1 OK for: get-intrinsic@1.3.0 want: ^1.1.1
436 silly placeDep ROOT get-proto@1.0.1 OK for: get-intrinsic@1.3.0 want: ^1.0.1
437 silly placeDep ROOT gopd@1.2.0 OK for: get-intrinsic@1.3.0 want: ^1.2.0
438 silly placeDep ROOT has-symbols@1.1.0 OK for: get-intrinsic@1.3.0 want: ^1.1.0
439 silly placeDep ROOT hasown@2.0.2 OK for: get-intrinsic@1.3.0 want: ^2.0.2
440 silly placeDep ROOT math-intrinsics@1.1.0 OK for: get-intrinsic@1.3.0 want: ^1.1.0
441 silly fetch manifest dunder-proto@^1.0.1
442 silly packumentCache full:https://registry.npmjs.org/dunder-proto cache-miss
443 http fetch GET 200 https://registry.npmjs.org/dunder-proto 72ms (cache miss)
444 silly packumentCache full:https://registry.npmjs.org/dunder-proto set size:undefined disposed:false
445 silly placeDep ROOT dunder-proto@1.0.1 OK for: get-proto@1.0.1 want: ^1.0.1
446 silly placeDep ROOT media-typer@0.3.0 OK for: type-is@1.6.18 want: 0.3.0
447 silly reify moves {}
448 silly audit bulk request {
448 silly audit   dotenv: [ '16.6.1' ],
448 silly audit   express: [ '4.22.1' ],
448 silly audit   mysql2: [ '3.21.0' ],
448 silly audit   '@types/node': [ '25.5.2' ],
448 silly audit   'undici-types': [ '7.18.2' ],
448 silly audit   accepts: [ '1.3.8' ],
448 silly audit   'array-flatten': [ '1.1.1' ],
448 silly audit   'body-parser': [ '1.20.4' ],
448 silly audit   'content-disposition': [ '0.5.4' ],
448 silly audit   'content-type': [ '1.0.5' ],
448 silly audit   cookie: [ '0.7.2' ],
448 silly audit   'cookie-signature': [ '1.0.7' ],
448 silly audit   debug: [ '2.6.9' ],
448 silly audit   depd: [ '2.0.0' ],
448 silly audit   encodeurl: [ '2.0.0' ],
448 silly audit   'escape-html': [ '1.0.3' ],
448 silly audit   etag: [ '1.8.1' ],
448 silly audit   finalhandler: [ '1.3.2' ],
448 silly audit   fresh: [ '0.5.2' ],
448 silly audit   'http-errors': [ '2.0.1' ],
448 silly audit   'merge-descriptors': [ '1.0.3' ],
448 silly audit   methods: [ '1.1.2' ],
448 silly audit   'on-finished': [ '2.4.1' ],
448 silly audit   parseurl: [ '1.3.3' ],
448 silly audit   'path-to-regexp': [ '0.1.13' ],
448 silly audit   'proxy-addr': [ '2.0.7' ],
448 silly audit   qs: [ '6.14.2' ],
448 silly audit   'range-parser': [ '1.2.1' ],
448 silly audit   'safe-buffer': [ '5.2.1' ],
448 silly audit   send: [ '0.19.2' ],
448 silly audit   'serve-static': [ '1.16.3' ],
448 silly audit   setprototypeof: [ '1.2.0' ],
448 silly audit   statuses: [ '2.0.2' ],
448 silly audit   'type-is': [ '1.6.18' ],
448 silly audit   'utils-merge': [ '1.0.1' ],
448 silly audit   vary: [ '1.1.2' ],
448 silly audit   'mime-types': [ '2.1.35' ],
448 silly audit   negotiator: [ '0.6.3' ],
448 silly audit   bytes: [ '3.1.2' ],
448 silly audit   destroy: [ '1.2.0' ],
448 silly audit   'iconv-lite': [ '0.4.24', '0.7.2' ],
448 silly audit   'raw-body': [ '2.5.3' ],
448 silly audit   unpipe: [ '1.0.0' ],
448 silly audit   ms: [ '2.0.0', '2.1.3' ],
448 silly audit   inherits: [ '2.0.4' ],
448 silly audit   toidentifier: [ '1.0.1' ],
448 silly audit   'safer-buffer': [ '2.1.2' ],
448 silly audit   'mime-db': [ '1.52.0' ],
448 silly audit   'aws-ssl-profiles': [ '1.1.2' ],
448 silly audit   denque: [ '2.1.0' ],
448 silly audit   'generate-function': [ '2.3.1' ],
448 silly audit   long: [ '5.3.2' ],
448 silly audit   'lru.min': [ '1.1.4' ],
448 silly audit   'named-placeholders': [ '1.1.6' ],
448 silly audit   'sql-escaper': [ '1.3.3' ],
448 silly audit   'is-property': [ '1.0.2' ],
448 silly audit   'ee-first': [ '1.1.1' ],
448 silly audit   forwarded: [ '0.2.0' ],
448 silly audit   'ipaddr.js': [ '1.9.1' ],
448 silly audit   'side-channel': [ '1.1.0' ],
448 silly audit   mime: [ '1.6.0' ],
448 silly audit   'es-errors': [ '1.3.0' ],
448 silly audit   'object-inspect': [ '1.13.4' ],
448 silly audit   'side-channel-list': [ '1.0.1' ],
448 silly audit   'side-channel-map': [ '1.0.1' ],
448 silly audit   'side-channel-weakmap': [ '1.0.2' ],
448 silly audit   'call-bound': [ '1.0.4' ],
448 silly audit   'get-intrinsic': [ '1.3.0' ],
448 silly audit   'call-bind-apply-helpers': [ '1.0.2' ],
448 silly audit   'function-bind': [ '1.1.2' ],
448 silly audit   'es-define-property': [ '1.0.1' ],
448 silly audit   'es-object-atoms': [ '1.1.1' ],
448 silly audit   'get-proto': [ '1.0.1' ],
448 silly audit   gopd: [ '1.2.0' ],
448 silly audit   'has-symbols': [ '1.1.0' ],
448 silly audit   hasown: [ '2.0.2' ],
448 silly audit   'math-intrinsics': [ '1.1.0' ],
448 silly audit   'dunder-proto': [ '1.0.1' ],
448 silly audit   'media-typer': [ '0.3.0' ]
448 silly audit }
449 http fetch POST 200 https://registry.npmjs.org/-/npm/v1/security/advisories/bulk 439ms
450 silly audit report {}
451 silly ADD node_modules/media-typer
452 silly ADD node_modules/dunder-proto
453 silly ADD node_modules/math-intrinsics
454 silly ADD node_modules/hasown
455 silly ADD node_modules/has-symbols
456 silly ADD node_modules/gopd
457 silly ADD node_modules/get-proto
458 silly ADD node_modules/es-object-atoms
459 silly ADD node_modules/es-define-property
460 silly ADD node_modules/function-bind
461 silly ADD node_modules/call-bind-apply-helpers
462 silly ADD node_modules/get-intrinsic
463 silly ADD node_modules/call-bound
464 silly ADD node_modules/side-channel-weakmap
465 silly ADD node_modules/side-channel-map
466 silly ADD node_modules/side-channel-list
467 silly ADD node_modules/object-inspect
468 silly ADD node_modules/es-errors
469 silly ADD node_modules/mime
470 silly ADD node_modules/side-channel
471 silly ADD node_modules/ipaddr.js
472 silly ADD node_modules/forwarded
473 silly ADD node_modules/ee-first
474 silly ADD node_modules/is-property
475 silly ADD node_modules/sql-escaper
476 silly ADD node_modules/named-placeholders
477 silly ADD node_modules/lru.min
478 silly ADD node_modules/long
479 silly ADD node_modules/generate-function
480 silly ADD node_modules/denque
481 silly ADD node_modules/aws-ssl-profiles
482 silly ADD node_modules/mime-db
483 silly ADD node_modules/safer-buffer
484 silly ADD node_modules/toidentifier
485 silly ADD node_modules/inherits
486 silly ADD node_modules/ms
487 silly ADD node_modules/unpipe
488 silly ADD node_modules/raw-body
489 silly ADD node_modules/iconv-lite
490 silly ADD node_modules/destroy
491 silly ADD node_modules/bytes
492 silly ADD node_modules/negotiator
493 silly ADD node_modules/mime-types
494 silly ADD node_modules/vary
495 silly ADD node_modules/utils-merge
496 silly ADD node_modules/type-is
497 silly ADD node_modules/statuses
498 silly ADD node_modules/setprototypeof
499 silly ADD node_modules/serve-static
500 silly ADD node_modules/send
501 silly ADD node_modules/send/node_modules/ms
502 silly ADD node_modules/safe-buffer
503 silly ADD node_modules/range-parser
504 silly ADD node_modules/qs
505 silly ADD node_modules/proxy-addr
506 silly ADD node_modules/path-to-regexp
507 silly ADD node_modules/parseurl
508 silly ADD node_modules/on-finished
509 silly ADD node_modules/methods
510 silly ADD node_modules/merge-descriptors
511 silly ADD node_modules/http-errors
512 silly ADD node_modules/fresh
513 silly ADD node_modules/finalhandler
514 silly ADD node_modules/etag
515 silly ADD node_modules/escape-html
516 silly ADD node_modules/encodeurl
517 silly ADD node_modules/depd
518 silly ADD node_modules/debug
519 silly ADD node_modules/cookie-signature
520 silly ADD node_modules/cookie
521 silly ADD node_modules/content-type
522 silly ADD node_modules/content-disposition
523 silly ADD node_modules/body-parser
524 silly ADD node_modules/array-flatten
525 silly ADD node_modules/accepts
526 silly ADD node_modules/undici-types
527 silly ADD node_modules/@types/node
528 silly ADD node_modules/mysql2
529 silly ADD node_modules/mysql2/node_modules/iconv-lite
530 silly ADD node_modules/express
531 silly ADD node_modules/dotenv
532 verbose cwd /home/vagrant/backend
533 verbose os Linux 5.15.0-170-generic
534 verbose node v20.20.2
535 verbose npm  v10.8.2
536 verbose exit 0
537 info ok
