0 verbose cli [ '/usr/bin/node', '/usr/bin/npm', 'install' ]
1 info using npm@8.5.1
2 info using node@v12.22.9
3 timing npm:load:whichnode Completed in 0ms
4 timing config:load:defaults Completed in 1ms
5 timing config:load:file:/usr/share/nodejs/npm/npmrc Completed in 7ms
6 timing config:load:builtin Completed in 7ms
7 timing config:load:cli Completed in 2ms
8 timing config:load:env Completed in 0ms
9 timing config:load:file:/home/vagrant/backend/.npmrc Completed in 2ms
10 timing config:load:project Completed in 8ms
11 timing config:load:file:/home/vagrant/.npmrc Completed in 0ms
12 timing config:load:user Completed in 0ms
13 timing config:load:file:/etc/npmrc Completed in 1ms
14 timing config:load:global Completed in 1ms
15 timing config:load:validate Completed in 0ms
16 timing config:load:credentials Completed in 1ms
17 timing config:load:setEnvs Completed in 2ms
18 timing config:load Completed in 24ms
19 timing npm:load:configload Completed in 25ms
20 timing npm:load:setTitle Completed in 1ms
21 timing config:load:flatten Completed in 5ms
22 timing npm:load:display Completed in 7ms
23 verbose logfile /home/vagrant/.npm/_logs/2026-04-10T00_41_55_401Z-debug-0.log
24 timing npm:load:logFile Completed in 8ms
25 timing npm:load:timers Completed in 1ms
26 timing npm:load:configScope Completed in 0ms
27 timing npm:load Completed in 44ms
28 timing arborist:ctor Completed in 5ms
29 timing arborist:ctor Completed in 0ms
30 timing idealTree:init Completed in 43ms
31 timing idealTree:userRequests Completed in 0ms
32 silly idealTree buildDeps
33 silly fetch manifest dotenv@^16.4.5
34 http fetch GET 200 https://registry.npmjs.org/dotenv 620ms (cache miss)
35 silly fetch manifest express@^4.19.2
36 http fetch GET 200 https://registry.npmjs.org/express 235ms (cache miss)
37 silly fetch manifest mysql2@^3.11.3
38 http fetch GET 200 https://registry.npmjs.org/mysql2 211ms (cache miss)
39 silly fetch manifest @types/node@>= 8
40 http fetch GET 200 https://registry.npmjs.org/@types%2fnode 1217ms (cache miss)
41 silly placeDep ROOT dotenv@16.6.1 OK for: backend-students-app@1.0.0 want: ^16.4.5
42 silly placeDep ROOT express@4.22.1 OK for: backend-students-app@1.0.0 want: ^4.19.2
43 silly placeDep ROOT mysql2@3.21.0 OK for: backend-students-app@1.0.0 want: ^3.11.3
44 silly placeDep ROOT @types/node@25.5.2 OK for: mysql2@3.21.0 want: >= 8
45 silly fetch manifest qs@~6.14.0
46 silly fetch manifest depd@2.0.0
47 silly fetch manifest etag@~1.8.1
48 silly fetch manifest send@~0.19.0
49 silly fetch manifest vary@~1.1.2
50 silly fetch manifest debug@2.6.9
51 silly fetch manifest fresh@~0.5.2
52 silly fetch manifest cookie@~0.7.1
53 silly fetch manifest accepts@~1.3.8
54 silly fetch manifest methods@~1.1.2
55 silly fetch manifest type-is@~1.6.18
56 silly fetch manifest parseurl@~1.3.3
57 silly fetch manifest statuses@~2.0.1
58 silly fetch manifest encodeurl@~2.0.0
59 silly fetch manifest proxy-addr@~2.0.7
60 silly fetch manifest body-parser@~1.20.3
61 silly fetch manifest escape-html@~1.0.3
62 silly fetch manifest http-errors@~2.0.0
63 silly fetch manifest on-finished@~2.4.1
64 silly fetch manifest safe-buffer@5.2.1
65 silly fetch manifest utils-merge@1.0.1
66 silly fetch manifest content-type@~1.0.4
67 silly fetch manifest finalhandler@~1.3.1
68 silly fetch manifest range-parser@~1.2.1
69 silly fetch manifest serve-static@~1.16.2
70 silly fetch manifest array-flatten@1.1.1
71 silly fetch manifest path-to-regexp@~0.1.12
72 silly fetch manifest setprototypeof@1.2.0
73 silly fetch manifest cookie-signature@~1.0.6
74 silly fetch manifest merge-descriptors@1.0.3
75 silly fetch manifest content-disposition@~0.5.4
76 silly fetch manifest long@^5.3.2
77 silly fetch manifest denque@^2.1.0
78 silly fetch manifest lru.min@^1.1.4
79 silly fetch manifest iconv-lite@^0.7.2
80 silly fetch manifest sql-escaper@^1.3.3
81 silly fetch manifest aws-ssl-profiles@^1.1.2
82 silly fetch manifest generate-function@^2.3.1
83 silly fetch manifest named-placeholders@^1.1.6
84 silly fetch manifest undici-types@~7.18.0
85 http fetch GET 200 https://registry.npmjs.org/qs 330ms (cache miss)
86 http fetch GET 200 https://registry.npmjs.org/body-parser 409ms (cache miss)
87 http fetch GET 200 https://registry.npmjs.org/encodeurl 799ms (cache miss)
88 http fetch GET 200 https://registry.npmjs.org/vary 828ms (cache miss)
89 http fetch GET 200 https://registry.npmjs.org/fresh 838ms (cache miss)
90 http fetch GET 200 https://registry.npmjs.org/depd 864ms (cache miss)
91 http fetch GET 200 https://registry.npmjs.org/statuses 848ms (cache miss)
92 http fetch GET 200 https://registry.npmjs.org/proxy-addr 863ms (cache miss)
93 http fetch GET 200 https://registry.npmjs.org/cookie 882ms (cache miss)
94 http fetch GET 200 https://registry.npmjs.org/methods 882ms (cache miss)
95 http fetch GET 200 https://registry.npmjs.org/on-finished 862ms (cache miss)
96 http fetch GET 200 https://registry.npmjs.org/content-type 866ms (cache miss)
97 http fetch GET 200 https://registry.npmjs.org/utils-merge 869ms (cache miss)
98 http fetch GET 200 https://registry.npmjs.org/parseurl 901ms (cache miss)
99 http fetch GET 200 https://registry.npmjs.org/merge-descriptors 863ms (cache miss)
100 http fetch GET 200 https://registry.npmjs.org/http-errors 882ms (cache miss)
101 http fetch GET 200 https://registry.npmjs.org/safe-buffer 880ms (cache miss)
102 http fetch GET 200 https://registry.npmjs.org/setprototypeof 869ms (cache miss)
103 http fetch GET 200 https://registry.npmjs.org/cookie-signature 872ms (cache miss)
104 http fetch GET 200 https://registry.npmjs.org/finalhandler 884ms (cache miss)
105 http fetch GET 200 https://registry.npmjs.org/content-disposition 875ms (cache miss)
106 http fetch GET 200 https://registry.npmjs.org/aws-ssl-profiles 888ms (cache miss)
107 http fetch GET 200 https://registry.npmjs.org/send 954ms (cache miss)
108 http fetch GET 200 https://registry.npmjs.org/lru.min 901ms (cache miss)
109 http fetch GET 200 https://registry.npmjs.org/array-flatten 918ms (cache miss)
110 http fetch GET 200 https://registry.npmjs.org/named-placeholders 901ms (cache miss)
111 http fetch GET 200 https://registry.npmjs.org/generate-function 904ms (cache miss)
112 http fetch GET 200 https://registry.npmjs.org/range-parser 929ms (cache miss)
113 http fetch GET 200 https://registry.npmjs.org/long 918ms (cache miss)
114 http fetch GET 200 https://registry.npmjs.org/serve-static 936ms (cache miss)
115 http fetch GET 200 https://registry.npmjs.org/denque 941ms (cache miss)
116 http fetch GET 200 https://registry.npmjs.org/iconv-lite 947ms (cache miss)
117 http fetch GET 200 https://registry.npmjs.org/undici-types 939ms (cache miss)
118 http fetch GET 200 https://registry.npmjs.org/path-to-regexp 967ms (cache miss)
119 http fetch GET 200 https://registry.npmjs.org/sql-escaper 959ms (cache miss)
120 http fetch GET 200 https://registry.npmjs.org/escape-html 1001ms (cache miss)
121 http fetch GET 200 https://registry.npmjs.org/debug 1148ms (cache miss)
122 http fetch GET 200 https://registry.npmjs.org/type-is 1159ms (cache miss)
123 http fetch GET 200 https://registry.npmjs.org/etag 1186ms (cache miss)
124 http fetch GET 200 https://registry.npmjs.org/accepts 1183ms (cache miss)
125 timing idealTree:#root Completed in 3602ms
126 silly placeDep ROOT undici-types@7.18.2 OK for: @types/node@25.5.2 want: ~7.18.0
127 timing idealTree:node_modules/@types/node Completed in 4ms
128 timing idealTree:node_modules/dotenv Completed in 0ms
129 silly placeDep ROOT accepts@1.3.8 OK for: express@4.22.1 want: ~1.3.8
130 silly placeDep ROOT array-flatten@1.1.1 OK for: express@4.22.1 want: 1.1.1
131 silly placeDep ROOT body-parser@1.20.4 OK for: express@4.22.1 want: ~1.20.3
132 silly placeDep ROOT content-disposition@0.5.4 OK for: express@4.22.1 want: ~0.5.4
133 silly placeDep ROOT content-type@1.0.5 OK for: express@4.22.1 want: ~1.0.4
134 silly placeDep ROOT cookie@0.7.2 OK for: express@4.22.1 want: ~0.7.1
135 silly placeDep ROOT cookie-signature@1.0.7 OK for: express@4.22.1 want: ~1.0.6
136 silly placeDep ROOT debug@2.6.9 OK for: express@4.22.1 want: 2.6.9
137 silly placeDep ROOT depd@2.0.0 OK for: express@4.22.1 want: 2.0.0
138 silly placeDep ROOT encodeurl@2.0.0 OK for: express@4.22.1 want: ~2.0.0
139 silly placeDep ROOT escape-html@1.0.3 OK for: express@4.22.1 want: ~1.0.3
140 silly placeDep ROOT etag@1.8.1 OK for: express@4.22.1 want: ~1.8.1
141 silly placeDep ROOT finalhandler@1.3.2 OK for: express@4.22.1 want: ~1.3.1
142 silly placeDep ROOT fresh@0.5.2 OK for: express@4.22.1 want: ~0.5.2
143 silly placeDep ROOT http-errors@2.0.1 OK for: express@4.22.1 want: ~2.0.0
144 silly placeDep ROOT merge-descriptors@1.0.3 OK for: express@4.22.1 want: 1.0.3
145 silly placeDep ROOT methods@1.1.2 OK for: express@4.22.1 want: ~1.1.2
146 silly placeDep ROOT on-finished@2.4.1 OK for: express@4.22.1 want: ~2.4.1
147 silly placeDep ROOT parseurl@1.3.3 OK for: express@4.22.1 want: ~1.3.3
148 silly placeDep ROOT path-to-regexp@0.1.13 OK for: express@4.22.1 want: ~0.1.12
149 silly placeDep ROOT proxy-addr@2.0.7 OK for: express@4.22.1 want: ~2.0.7
150 silly placeDep ROOT qs@6.14.2 OK for: express@4.22.1 want: ~6.14.0
151 silly placeDep ROOT range-parser@1.2.1 OK for: express@4.22.1 want: ~1.2.1
152 silly placeDep ROOT safe-buffer@5.2.1 OK for: express@4.22.1 want: 5.2.1
153 silly placeDep ROOT send@0.19.2 OK for: express@4.22.1 want: ~0.19.0
154 silly placeDep ROOT serve-static@1.16.3 OK for: express@4.22.1 want: ~1.16.2
155 silly placeDep ROOT setprototypeof@1.2.0 OK for: express@4.22.1 want: 1.2.0
156 silly placeDep ROOT statuses@2.0.2 OK for: express@4.22.1 want: ~2.0.1
157 silly placeDep ROOT type-is@1.6.18 OK for: express@4.22.1 want: ~1.6.18
158 silly placeDep ROOT utils-merge@1.0.1 OK for: express@4.22.1 want: 1.0.1
159 silly placeDep ROOT vary@1.1.2 OK for: express@4.22.1 want: ~1.1.2
160 silly fetch manifest mime-types@~2.1.34
161 silly fetch manifest negotiator@0.6.3
162 silly fetch manifest bytes@~3.1.2
163 silly fetch manifest unpipe@~1.0.0
164 silly fetch manifest destroy@~1.2.0
165 silly fetch manifest raw-body@~2.5.3
166 silly fetch manifest iconv-lite@~0.4.24
167 silly fetch manifest ms@2.0.0
168 silly fetch manifest inherits@~2.0.4
169 silly fetch manifest toidentifier@~1.0.1
170 silly fetch manifest ee-first@1.1.1
171 silly fetch manifest forwarded@0.2.0
172 silly fetch manifest ipaddr.js@1.9.1
173 silly fetch manifest side-channel@^1.1.0
174 silly fetch manifest ms@2.1.3
175 silly fetch manifest mime@1.6.0
176 silly fetch manifest destroy@1.2.0
177 silly fetch manifest mime-types@~2.1.24
178 silly fetch manifest media-typer@0.3.0
179 http fetch GET 200 https://registry.npmjs.org/unpipe 190ms (cache miss)
180 http fetch GET 200 https://registry.npmjs.org/inherits 188ms (cache miss)
181 http fetch GET 200 https://registry.npmjs.org/toidentifier 188ms (cache miss)
182 http fetch GET 200 https://registry.npmjs.org/forwarded 187ms (cache miss)
183 http fetch GET 200 https://registry.npmjs.org/ee-first 190ms (cache miss)
184 http fetch GET 200 https://registry.npmjs.org/negotiator 217ms (cache miss)
185 http fetch GET 200 https://registry.npmjs.org/media-typer 220ms (cache miss)
186 http fetch GET 200 https://registry.npmjs.org/side-channel 236ms (cache miss)
187 http fetch GET 200 https://registry.npmjs.org/bytes 253ms (cache miss)
188 http fetch GET 200 https://registry.npmjs.org/ms 252ms (cache miss)
189 http fetch GET 200 https://registry.npmjs.org/mime-types 274ms (cache miss)
190 http fetch GET 200 https://registry.npmjs.org/destroy 291ms (cache miss)
191 http fetch GET 200 https://registry.npmjs.org/ipaddr.js 284ms (cache miss)
192 http fetch GET 200 https://registry.npmjs.org/raw-body 297ms (cache miss)
193 http fetch GET 200 https://registry.npmjs.org/mime 291ms (cache miss)
194 timing idealTree:node_modules/express Completed in 418ms
195 silly placeDep ROOT mime-types@2.1.35 OK for: accepts@1.3.8 want: ~2.1.34
196 silly placeDep ROOT negotiator@0.6.3 OK for: accepts@1.3.8 want: 0.6.3
197 silly fetch manifest mime-db@1.52.0
198 http fetch GET 200 https://registry.npmjs.org/mime-db 230ms (cache miss)
199 timing idealTree:node_modules/accepts Completed in 236ms
200 timing idealTree:node_modules/array-flatten Completed in 0ms
201 silly placeDep ROOT bytes@3.1.2 OK for: body-parser@1.20.4 want: ~3.1.2
202 silly placeDep ROOT destroy@1.2.0 OK for: body-parser@1.20.4 want: ~1.2.0
203 silly placeDep ROOT iconv-lite@0.4.24 OK for: body-parser@1.20.4 want: ~0.4.24
204 silly placeDep ROOT raw-body@2.5.3 OK for: body-parser@1.20.4 want: ~2.5.3
205 silly placeDep ROOT unpipe@1.0.0 OK for: body-parser@1.20.4 want: ~1.0.0
206 silly fetch manifest safer-buffer@>= 2.1.2 < 3
207 http fetch GET 200 https://registry.npmjs.org/safer-buffer 69ms (cache miss)
208 timing idealTree:node_modules/body-parser Completed in 84ms
209 timing idealTree:node_modules/bytes Completed in 0ms
210 timing idealTree:node_modules/content-disposition Completed in 0ms
211 timing idealTree:node_modules/content-type Completed in 0ms
212 timing idealTree:node_modules/cookie Completed in 0ms
213 timing idealTree:node_modules/cookie-signature Completed in 0ms
214 silly placeDep ROOT ms@2.0.0 OK for: debug@2.6.9 want: 2.0.0
215 timing idealTree:node_modules/debug Completed in 2ms
216 timing idealTree:node_modules/depd Completed in 0ms
217 timing idealTree:node_modules/destroy Completed in 0ms
218 timing idealTree:node_modules/encodeurl Completed in 0ms
219 timing idealTree:node_modules/escape-html Completed in 0ms
220 timing idealTree:node_modules/etag Completed in 0ms
221 timing idealTree:node_modules/finalhandler Completed in 0ms
222 timing idealTree:node_modules/fresh Completed in 0ms
223 silly placeDep ROOT inherits@2.0.4 OK for: http-errors@2.0.1 want: ~2.0.4
224 silly placeDep ROOT toidentifier@1.0.1 OK for: http-errors@2.0.1 want: ~1.0.1
225 timing idealTree:node_modules/http-errors Completed in 4ms
226 silly placeDep ROOT safer-buffer@2.1.2 OK for: iconv-lite@0.4.24 want: >= 2.1.2 < 3
227 timing idealTree:node_modules/iconv-lite Completed in 1ms
228 timing idealTree:node_modules/inherits Completed in 0ms
229 timing idealTree:node_modules/merge-descriptors Completed in 0ms
230 timing idealTree:node_modules/methods Completed in 1ms
231 silly placeDep ROOT mime-db@1.52.0 OK for: mime-types@2.1.35 want: 1.52.0
232 timing idealTree:node_modules/mime-types Completed in 2ms
233 timing idealTree:node_modules/mime-db Completed in 0ms
234 timing idealTree:node_modules/ms Completed in 0ms
235 silly placeDep ROOT aws-ssl-profiles@1.1.2 OK for: mysql2@3.21.0 want: ^1.1.2
236 silly placeDep ROOT denque@2.1.0 OK for: mysql2@3.21.0 want: ^2.1.0
237 silly placeDep ROOT generate-function@2.3.1 OK for: mysql2@3.21.0 want: ^2.3.1
238 silly placeDep node_modules/mysql2 iconv-lite@0.7.2 OK for: mysql2@3.21.0 want: ^0.7.2
239 silly placeDep ROOT long@5.3.2 OK for: mysql2@3.21.0 want: ^5.3.2
240 silly placeDep ROOT lru.min@1.1.4 OK for: mysql2@3.21.0 want: ^1.1.4
241 silly placeDep ROOT named-placeholders@1.1.6 OK for: mysql2@3.21.0 want: ^1.1.6
242 silly placeDep ROOT sql-escaper@1.3.3 OK for: mysql2@3.21.0 want: ^1.3.3
243 silly fetch manifest is-property@^1.0.2
244 http fetch GET 200 https://registry.npmjs.org/is-property 74ms (cache miss)
245 timing idealTree:node_modules/mysql2 Completed in 96ms
246 timing idealTree:node_modules/aws-ssl-profiles Completed in 0ms
247 timing idealTree:node_modules/denque Completed in 0ms
248 silly placeDep ROOT is-property@1.0.2 OK for: generate-function@2.3.1 want: ^1.0.2
249 timing idealTree:node_modules/generate-function Completed in 3ms
250 timing idealTree:node_modules/is-property Completed in 0ms
251 timing idealTree:node_modules/long Completed in 0ms
252 timing idealTree:node_modules/lru.min Completed in 0ms
253 timing idealTree:node_modules/named-placeholders Completed in 0ms
254 timing idealTree:node_modules/negotiator Completed in 0ms
255 silly placeDep ROOT ee-first@1.1.1 OK for: on-finished@2.4.1 want: 1.1.1
256 timing idealTree:node_modules/on-finished Completed in 2ms
257 timing idealTree:node_modules/ee-first Completed in 0ms
258 timing idealTree:node_modules/parseurl Completed in 0ms
259 timing idealTree:node_modules/path-to-regexp Completed in 1ms
260 silly placeDep ROOT forwarded@0.2.0 OK for: proxy-addr@2.0.7 want: 0.2.0
261 silly placeDep ROOT ipaddr.js@1.9.1 OK for: proxy-addr@2.0.7 want: 1.9.1
262 timing idealTree:node_modules/proxy-addr Completed in 14ms
263 timing idealTree:node_modules/forwarded Completed in 0ms
264 timing idealTree:node_modules/ipaddr.js Completed in 0ms
265 silly placeDep ROOT side-channel@1.1.0 OK for: qs@6.14.2 want: ^1.1.0
266 silly fetch manifest es-errors@^1.3.0
267 silly fetch manifest object-inspect@^1.13.3
268 silly fetch manifest side-channel-list@^1.0.0
269 silly fetch manifest side-channel-map@^1.0.1
270 silly fetch manifest side-channel-weakmap@^1.0.2
271 http fetch GET 200 https://registry.npmjs.org/side-channel-map 102ms (cache miss)
272 http fetch GET 200 https://registry.npmjs.org/side-channel-weakmap 103ms (cache miss)
273 http fetch GET 200 https://registry.npmjs.org/side-channel-list 106ms (cache miss)
274 http fetch GET 200 https://registry.npmjs.org/object-inspect 109ms (cache miss)
275 http fetch GET 200 https://registry.npmjs.org/es-errors 599ms (cache miss)
276 timing idealTree:node_modules/qs Completed in 607ms
277 timing idealTree:node_modules/range-parser Completed in 0ms
278 timing idealTree:node_modules/raw-body Completed in 0ms
279 timing idealTree:node_modules/safe-buffer Completed in 0ms
280 timing idealTree:node_modules/safer-buffer Completed in 0ms
281 silly placeDep ROOT mime@1.6.0 OK for: send@0.19.2 want: 1.6.0
282 silly placeDep node_modules/send ms@2.1.3 OK for: send@0.19.2 want: 2.1.3
283 timing idealTree:node_modules/send Completed in 5ms
284 timing idealTree:node_modules/mime Completed in 0ms
285 timing idealTree:node_modules/serve-static Completed in 0ms
286 timing idealTree:node_modules/setprototypeof Completed in 0ms
287 silly placeDep ROOT es-errors@1.3.0 OK for: side-channel@1.1.0 want: ^1.3.0
288 silly placeDep ROOT object-inspect@1.13.4 OK for: side-channel@1.1.0 want: ^1.13.3
289 silly placeDep ROOT side-channel-list@1.0.1 OK for: side-channel@1.1.0 want: ^1.0.0
290 silly placeDep ROOT side-channel-map@1.0.1 OK for: side-channel@1.1.0 want: ^1.0.1
291 silly placeDep ROOT side-channel-weakmap@1.0.2 OK for: side-channel@1.1.0 want: ^1.0.2
292 silly fetch manifest call-bound@^1.0.2
293 silly fetch manifest get-intrinsic@^1.2.5
294 http fetch GET 200 https://registry.npmjs.org/get-intrinsic 94ms (cache miss)
295 http fetch GET 200 https://registry.npmjs.org/call-bound 240ms (cache miss)
296 timing idealTree:node_modules/side-channel Completed in 259ms
297 timing idealTree:node_modules/es-errors Completed in 0ms
298 timing idealTree:node_modules/object-inspect Completed in 0ms
299 timing idealTree:node_modules/side-channel-list Completed in 0ms
300 silly placeDep ROOT call-bound@1.0.4 OK for: side-channel-map@1.0.1 want: ^1.0.2
301 silly placeDep ROOT get-intrinsic@1.3.0 OK for: side-channel-map@1.0.1 want: ^1.2.5
302 silly fetch manifest call-bind-apply-helpers@^1.0.2
303 silly fetch manifest gopd@^1.2.0
304 silly fetch manifest hasown@^2.0.2
305 silly fetch manifest get-proto@^1.0.1
306 silly fetch manifest has-symbols@^1.1.0
307 silly fetch manifest function-bind@^1.1.2
308 silly fetch manifest es-object-atoms@^1.1.1
309 silly fetch manifest math-intrinsics@^1.1.0
310 silly fetch manifest es-define-property@^1.0.1
311 http fetch GET 200 https://registry.npmjs.org/call-bind-apply-helpers 153ms (cache miss)
312 http fetch GET 200 https://registry.npmjs.org/get-proto 148ms (cache miss)
313 http fetch GET 200 https://registry.npmjs.org/function-bind 138ms (cache miss)
314 http fetch GET 200 https://registry.npmjs.org/es-object-atoms 138ms (cache miss)
315 http fetch GET 200 https://registry.npmjs.org/math-intrinsics 138ms (cache miss)
316 http fetch GET 200 https://registry.npmjs.org/hasown 153ms (cache miss)
317 http fetch GET 200 https://registry.npmjs.org/es-define-property 137ms (cache miss)
318 http fetch GET 200 https://registry.npmjs.org/has-symbols 145ms (cache miss)
319 http fetch GET 200 https://registry.npmjs.org/gopd 580ms (cache miss)
320 timing idealTree:node_modules/side-channel-map Completed in 591ms
321 silly placeDep ROOT call-bind-apply-helpers@1.0.2 OK for: call-bound@1.0.4 want: ^1.0.2
322 timing idealTree:node_modules/call-bound Completed in 3ms
323 silly placeDep ROOT function-bind@1.1.2 OK for: call-bind-apply-helpers@1.0.2 want: ^1.1.2
324 timing idealTree:node_modules/call-bind-apply-helpers Completed in 1ms
325 timing idealTree:node_modules/function-bind Completed in 0ms
326 silly placeDep ROOT es-define-property@1.0.1 OK for: get-intrinsic@1.3.0 want: ^1.0.1
327 silly placeDep ROOT es-object-atoms@1.1.1 OK for: get-intrinsic@1.3.0 want: ^1.1.1
328 silly placeDep ROOT get-proto@1.0.1 OK for: get-intrinsic@1.3.0 want: ^1.0.1
329 silly placeDep ROOT gopd@1.2.0 OK for: get-intrinsic@1.3.0 want: ^1.2.0
330 silly placeDep ROOT has-symbols@1.1.0 OK for: get-intrinsic@1.3.0 want: ^1.1.0
331 silly placeDep ROOT hasown@2.0.2 OK for: get-intrinsic@1.3.0 want: ^2.0.2
332 silly placeDep ROOT math-intrinsics@1.1.0 OK for: get-intrinsic@1.3.0 want: ^1.1.0
333 silly fetch manifest dunder-proto@^1.0.1
334 http fetch GET 200 https://registry.npmjs.org/dunder-proto 69ms (cache miss)
335 timing idealTree:node_modules/get-intrinsic Completed in 91ms
336 timing idealTree:node_modules/es-define-property Completed in 0ms
337 timing idealTree:node_modules/es-object-atoms Completed in 0ms
338 silly placeDep ROOT dunder-proto@1.0.1 OK for: get-proto@1.0.1 want: ^1.0.1
339 timing idealTree:node_modules/get-proto Completed in 12ms
340 timing idealTree:node_modules/dunder-proto Completed in 0ms
341 timing idealTree:node_modules/gopd Completed in 0ms
342 timing idealTree:node_modules/has-symbols Completed in 0ms
343 timing idealTree:node_modules/hasown Completed in 0ms
344 timing idealTree:node_modules/math-intrinsics Completed in 0ms
345 timing idealTree:node_modules/side-channel-weakmap Completed in 0ms
346 timing idealTree:node_modules/sql-escaper Completed in 0ms
347 timing idealTree:node_modules/statuses Completed in 0ms
348 timing idealTree:node_modules/toidentifier Completed in 0ms
349 silly placeDep ROOT media-typer@0.3.0 OK for: type-is@1.6.18 want: 0.3.0
350 timing idealTree:node_modules/type-is Completed in 5ms
351 timing idealTree:node_modules/media-typer Completed in 0ms
352 timing idealTree:node_modules/undici-types Completed in 0ms
353 timing idealTree:node_modules/unpipe Completed in 0ms
354 timing idealTree:node_modules/utils-merge Completed in 0ms
355 timing idealTree:node_modules/vary Completed in 0ms
356 timing idealTree:node_modules/mysql2/node_modules/iconv-lite Completed in 0ms
357 timing idealTree:node_modules/send/node_modules/ms Completed in 0ms
358 timing idealTree:buildDeps Completed in 6062ms
359 timing idealTree:fixDepFlags Completed in 3ms
360 timing idealTree Completed in 6112ms
361 timing reify:loadTrees Completed in 6114ms
362 timing reify:diffTrees Completed in 4ms
363 silly reify moves {}
364 timing reify:retireShallow Completed in 1ms
365 timing reify:createSparse Completed in 66ms
366 timing reify:loadBundles Completed in 0ms
367 silly audit bulk request {
367 silly audit   dotenv: [ '16.6.1' ],
367 silly audit   express: [ '4.22.1' ],
367 silly audit   mysql2: [ '3.21.0' ],
367 silly audit   '@types/node': [ '25.5.2' ],
367 silly audit   'undici-types': [ '7.18.2' ],
367 silly audit   accepts: [ '1.3.8' ],
367 silly audit   'array-flatten': [ '1.1.1' ],
367 silly audit   'body-parser': [ '1.20.4' ],
367 silly audit   'content-disposition': [ '0.5.4' ],
367 silly audit   'content-type': [ '1.0.5' ],
367 silly audit   cookie: [ '0.7.2' ],
367 silly audit   'cookie-signature': [ '1.0.7' ],
367 silly audit   debug: [ '2.6.9' ],
367 silly audit   depd: [ '2.0.0' ],
367 silly audit   encodeurl: [ '2.0.0' ],
367 silly audit   'escape-html': [ '1.0.3' ],
367 silly audit   etag: [ '1.8.1' ],
367 silly audit   finalhandler: [ '1.3.2' ],
367 silly audit   fresh: [ '0.5.2' ],
367 silly audit   'http-errors': [ '2.0.1' ],
367 silly audit   'merge-descriptors': [ '1.0.3' ],
367 silly audit   methods: [ '1.1.2' ],
367 silly audit   'on-finished': [ '2.4.1' ],
367 silly audit   parseurl: [ '1.3.3' ],
367 silly audit   'path-to-regexp': [ '0.1.13' ],
367 silly audit   'proxy-addr': [ '2.0.7' ],
367 silly audit   qs: [ '6.14.2' ],
367 silly audit   'range-parser': [ '1.2.1' ],
367 silly audit   'safe-buffer': [ '5.2.1' ],
367 silly audit   send: [ '0.19.2' ],
367 silly audit   'serve-static': [ '1.16.3' ],
367 silly audit   setprototypeof: [ '1.2.0' ],
367 silly audit   statuses: [ '2.0.2' ],
367 silly audit   'type-is': [ '1.6.18' ],
367 silly audit   'utils-merge': [ '1.0.1' ],
367 silly audit   vary: [ '1.1.2' ],
367 silly audit   'mime-types': [ '2.1.35' ],
367 silly audit   negotiator: [ '0.6.3' ],
367 silly audit   bytes: [ '3.1.2' ],
367 silly audit   destroy: [ '1.2.0' ],
367 silly audit   'iconv-lite': [ '0.4.24', '0.7.2' ],
367 silly audit   'raw-body': [ '2.5.3' ],
367 silly audit   unpipe: [ '1.0.0' ],
367 silly audit   ms: [ '2.0.0', '2.1.3' ],
367 silly audit   inherits: [ '2.0.4' ],
367 silly audit   toidentifier: [ '1.0.1' ],
367 silly audit   'safer-buffer': [ '2.1.2' ],
367 silly audit   'mime-db': [ '1.52.0' ],
367 silly audit   'aws-ssl-profiles': [ '1.1.2' ],
367 silly audit   denque: [ '2.1.0' ],
367 silly audit   'generate-function': [ '2.3.1' ],
367 silly audit   long: [ '5.3.2' ],
367 silly audit   'lru.min': [ '1.1.4' ],
367 silly audit   'named-placeholders': [ '1.1.6' ],
367 silly audit   'sql-escaper': [ '1.3.3' ],
367 silly audit   'is-property': [ '1.0.2' ],
367 silly audit   'ee-first': [ '1.1.1' ],
367 silly audit   forwarded: [ '0.2.0' ],
367 silly audit   'ipaddr.js': [ '1.9.1' ],
367 silly audit   'side-channel': [ '1.1.0' ],
367 silly audit   mime: [ '1.6.0' ],
367 silly audit   'es-errors': [ '1.3.0' ],
367 silly audit   'object-inspect': [ '1.13.4' ],
367 silly audit   'side-channel-list': [ '1.0.1' ],
367 silly audit   'side-channel-map': [ '1.0.1' ],
367 silly audit   'side-channel-weakmap': [ '1.0.2' ],
367 silly audit   'call-bound': [ '1.0.4' ],
367 silly audit   'get-intrinsic': [ '1.3.0' ],
367 silly audit   'call-bind-apply-helpers': [ '1.0.2' ],
367 silly audit   'function-bind': [ '1.1.2' ],
367 silly audit   'es-define-property': [ '1.0.1' ],
367 silly audit   'es-object-atoms': [ '1.1.1' ],
367 silly audit   'get-proto': [ '1.0.1' ],
367 silly audit   gopd: [ '1.2.0' ],
367 silly audit   'has-symbols': [ '1.1.0' ],
367 silly audit   hasown: [ '2.0.2' ],
367 silly audit   'math-intrinsics': [ '1.1.0' ],
367 silly audit   'dunder-proto': [ '1.0.1' ],
367 silly audit   'media-typer': [ '0.3.0' ]
367 silly audit }
368 silly tarball no local data for media-typer@https://registry.npmjs.org/media-typer/-/media-typer-0.3.0.tgz. Extracting by manifest.
369 silly tarball no local data for mime@https://registry.npmjs.org/mime/-/mime-1.6.0.tgz. Extracting by manifest.
370 silly tarball no local data for mime-db@https://registry.npmjs.org/mime-db/-/mime-db-1.52.0.tgz. Extracting by manifest.
371 silly tarball no local data for ms@https://registry.npmjs.org/ms/-/ms-2.0.0.tgz. Extracting by manifest.
372 silly tarball no local data for raw-body@https://registry.npmjs.org/raw-body/-/raw-body-2.5.3.tgz. Extracting by manifest.
373 silly tarball no local data for iconv-lite@https://registry.npmjs.org/iconv-lite/-/iconv-lite-0.4.24.tgz. Extracting by manifest.
374 silly tarball no local data for destroy@https://registry.npmjs.org/destroy/-/destroy-1.2.0.tgz. Extracting by manifest.
375 silly tarball no local data for negotiator@https://registry.npmjs.org/negotiator/-/negotiator-0.6.3.tgz. Extracting by manifest.
376 silly tarball no local data for mime-types@https://registry.npmjs.org/mime-types/-/mime-types-2.1.35.tgz. Extracting by manifest.
377 silly tarball no local data for utils-merge@https://registry.npmjs.org/utils-merge/-/utils-merge-1.0.1.tgz. Extracting by manifest.
378 silly tarball no local data for type-is@https://registry.npmjs.org/type-is/-/type-is-1.6.18.tgz. Extracting by manifest.
379 silly tarball no local data for serve-static@https://registry.npmjs.org/serve-static/-/serve-static-1.16.3.tgz. Extracting by manifest.
380 silly tarball no local data for send@https://registry.npmjs.org/send/-/send-0.19.2.tgz. Extracting by manifest.
381 silly tarball no local data for safe-buffer@https://registry.npmjs.org/safe-buffer/-/safe-buffer-5.2.1.tgz. Extracting by manifest.
382 silly tarball no local data for qs@https://registry.npmjs.org/qs/-/qs-6.14.2.tgz. Extracting by manifest.
383 silly tarball no local data for path-to-regexp@https://registry.npmjs.org/path-to-regexp/-/path-to-regexp-0.1.13.tgz. Extracting by manifest.
384 silly tarball no local data for methods@https://registry.npmjs.org/methods/-/methods-1.1.2.tgz. Extracting by manifest.
385 silly tarball no local data for merge-descriptors@https://registry.npmjs.org/merge-descriptors/-/merge-descriptors-1.0.3.tgz. Extracting by manifest.
386 silly tarball no local data for fresh@https://registry.npmjs.org/fresh/-/fresh-0.5.2.tgz. Extracting by manifest.
387 silly tarball no local data for finalhandler@https://registry.npmjs.org/finalhandler/-/finalhandler-1.3.2.tgz. Extracting by manifest.
388 silly tarball no local data for debug@https://registry.npmjs.org/debug/-/debug-2.6.9.tgz. Extracting by manifest.
389 silly tarball no local data for cookie-signature@https://registry.npmjs.org/cookie-signature/-/cookie-signature-1.0.7.tgz. Extracting by manifest.
390 silly tarball no local data for content-disposition@https://registry.npmjs.org/content-disposition/-/content-disposition-0.5.4.tgz. Extracting by manifest.
391 silly tarball no local data for body-parser@https://registry.npmjs.org/body-parser/-/body-parser-1.20.4.tgz. Extracting by manifest.
392 silly tarball no local data for array-flatten@https://registry.npmjs.org/array-flatten/-/array-flatten-1.1.1.tgz. Extracting by manifest.
393 silly tarball no local data for accepts@https://registry.npmjs.org/accepts/-/accepts-1.3.8.tgz. Extracting by manifest.
394 silly tarball no local data for express@https://registry.npmjs.org/express/-/express-4.22.1.tgz. Extracting by manifest.
395 silly tarball no local data for dotenv@https://registry.npmjs.org/dotenv/-/dotenv-16.6.1.tgz. Extracting by manifest.
396 http fetch POST 200 https://registry.npmjs.org/-/npm/v1/security/advisories/bulk 1297ms
397 timing auditReport:getReport Completed in 1302ms
398 silly audit report {}
399 timing auditReport:init Completed in 0ms
400 timing reify:audit Completed in 1304ms
401 timing reifyNode:node_modules/ee-first Completed in 1366ms
402 timing reifyNode:node_modules/named-placeholders Completed in 1367ms
403 timing reifyNode:node_modules/escape-html Completed in 1366ms
404 timing reifyNode:node_modules/encodeurl Completed in 1365ms
405 timing reifyNode:node_modules/send/node_modules/ms Completed in 1369ms
406 timing reifyNode:node_modules/forwarded Completed in 1409ms
407 timing reifyNode:node_modules/toidentifier Completed in 1409ms
408 timing reifyNode:node_modules/inherits Completed in 1410ms
409 timing reifyNode:node_modules/unpipe Completed in 1409ms
410 timing reifyNode:node_modules/bytes Completed in 1409ms
411 timing reifyNode:node_modules/vary Completed in 1409ms
412 timing reifyNode:node_modules/range-parser Completed in 1408ms
413 timing reifyNode:node_modules/parseurl Completed in 1408ms
414 timing reifyNode:node_modules/http-errors Completed in 1407ms
415 timing reifyNode:node_modules/etag Completed in 1408ms
416 timing reifyNode:node_modules/content-type Completed in 1406ms
417 timing reifyNode:node_modules/is-property Completed in 1432ms
418 timing reifyNode:node_modules/proxy-addr Completed in 1431ms
419 timing reifyNode:node_modules/on-finished Completed in 1430ms
420 timing reifyNode:node_modules/generate-function Completed in 1456ms
421 timing reifyNode:node_modules/statuses Completed in 1455ms
422 timing reifyNode:node_modules/setprototypeof Completed in 1455ms
423 timing reifyNode:node_modules/cookie Completed in 1453ms
424 timing reifyNode:node_modules/denque Completed in 1514ms
425 timing reifyNode:node_modules/safer-buffer Completed in 1514ms
426 timing reifyNode:node_modules/depd Completed in 1510ms
427 timing reifyNode:node_modules/hasown Completed in 1529ms
428 timing reifyNode:node_modules/ipaddr.js Completed in 1533ms
429 timing reifyNode:node_modules/call-bound Completed in 1565ms
430 timing reifyNode:node_modules/lru.min Completed in 1569ms
431 http fetch GET 200 https://registry.npmjs.org/cookie-signature/-/cookie-signature-1.0.7.tgz 1043ms (cache miss)
432 timing reifyNode:node_modules/cookie-signature Completed in 1582ms
433 timing reifyNode:node_modules/side-channel-weakmap Completed in 1596ms
434 timing reifyNode:node_modules/es-define-property Completed in 1607ms
435 timing reifyNode:node_modules/sql-escaper Completed in 1608ms
436 timing reifyNode:node_modules/gopd Completed in 1619ms
437 timing reifyNode:node_modules/side-channel-map Completed in 1621ms
438 timing reifyNode:node_modules/side-channel Completed in 1623ms
439 http fetch GET 200 https://registry.npmjs.org/path-to-regexp/-/path-to-regexp-0.1.13.tgz 1210ms (cache miss)
440 timing reifyNode:node_modules/path-to-regexp Completed in 1629ms
441 timing reifyNode:node_modules/dunder-proto Completed in 1642ms
442 timing reifyNode:node_modules/get-intrinsic Completed in 1645ms
443 timing reifyNode:node_modules/side-channel-list Completed in 1644ms
444 timing reifyNode:node_modules/es-object-atoms Completed in 1663ms
445 timing reifyNode:node_modules/function-bind Completed in 1664ms
446 http fetch GET 200 https://registry.npmjs.org/destroy/-/destroy-1.2.0.tgz 1457ms (cache miss)
447 timing reifyNode:node_modules/destroy Completed in 1672ms
448 timing reifyNode:node_modules/get-proto Completed in 1682ms
449 http fetch GET 200 https://registry.npmjs.org/ms/-/ms-2.0.0.tgz 1504ms (cache miss)
450 timing reifyNode:node_modules/ms Completed in 1691ms
451 http fetch GET 200 https://registry.npmjs.org/methods/-/methods-1.1.2.tgz 1268ms (cache miss)
452 timing reifyNode:node_modules/methods Completed in 1694ms
453 http fetch GET 200 https://registry.npmjs.org/mime-types/-/mime-types-2.1.35.tgz 1455ms (cache miss)
454 timing reifyNode:node_modules/mime-types Completed in 1722ms
455 http fetch GET 200 https://registry.npmjs.org/merge-descriptors/-/merge-descriptors-1.0.3.tgz 1293ms (cache miss)
456 timing reifyNode:node_modules/merge-descriptors Completed in 1731ms
457 http fetch GET 200 https://registry.npmjs.org/media-typer/-/media-typer-0.3.0.tgz 1607ms (cache miss)
458 timing reifyNode:node_modules/media-typer Completed in 1755ms
459 timing reifyNode:node_modules/has-symbols Completed in 1760ms
460 timing reifyNode:node_modules/long Completed in 1759ms
461 http fetch GET 200 https://registry.npmjs.org/type-is/-/type-is-1.6.18.tgz 1455ms (cache miss)
462 timing reifyNode:node_modules/type-is Completed in 1776ms
463 http fetch GET 200 https://registry.npmjs.org/utils-merge/-/utils-merge-1.0.1.tgz 1482ms (cache miss)
464 timing reifyNode:node_modules/utils-merge Completed in 1789ms
465 http fetch GET 200 https://registry.npmjs.org/safe-buffer/-/safe-buffer-5.2.1.tgz 1416ms (cache miss)
466 timing reifyNode:node_modules/safe-buffer Completed in 1794ms
467 http fetch GET 200 https://registry.npmjs.org/fresh/-/fresh-0.5.2.tgz 1307ms (cache miss)
468 timing reifyNode:node_modules/fresh Completed in 1800ms
469 http fetch GET 200 https://registry.npmjs.org/content-disposition/-/content-disposition-0.5.4.tgz 1263ms (cache miss)
470 timing reifyNode:node_modules/content-disposition Completed in 1804ms
471 timing reifyNode:node_modules/call-bind-apply-helpers Completed in 1820ms
472 http fetch GET 200 https://registry.npmjs.org/array-flatten/-/array-flatten-1.1.1.tgz 1274ms (cache miss)
473 timing reifyNode:node_modules/array-flatten Completed in 1823ms
474 timing reifyNode:node_modules/es-errors Completed in 1833ms
475 http fetch GET 200 https://registry.npmjs.org/raw-body/-/raw-body-2.5.3.tgz 1661ms (cache miss)
476 timing reifyNode:node_modules/raw-body Completed in 1857ms
477 http fetch GET 200 https://registry.npmjs.org/send/-/send-0.19.2.tgz 1505ms (cache miss)
478 timing reifyNode:node_modules/send Completed in 1863ms
479 http fetch GET 200 https://registry.npmjs.org/negotiator/-/negotiator-0.6.3.tgz 1636ms (cache miss)
480 timing reifyNode:node_modules/negotiator Completed in 1877ms
481 http fetch GET 200 https://registry.npmjs.org/serve-static/-/serve-static-1.16.3.tgz 1538ms (cache miss)
482 timing reifyNode:node_modules/serve-static Completed in 1882ms
483 http fetch GET 200 https://registry.npmjs.org/finalhandler/-/finalhandler-1.3.2.tgz 1394ms (cache miss)
484 timing reifyNode:node_modules/finalhandler Completed in 1904ms
485 timing reifyNode:node_modules/aws-ssl-profiles Completed in 1910ms
486 http fetch GET 200 https://registry.npmjs.org/mime/-/mime-1.6.0.tgz 1754ms (cache miss)
487 timing reifyNode:node_modules/mime Completed in 1919ms
488 http fetch GET 200 https://registry.npmjs.org/accepts/-/accepts-1.3.8.tgz 1420ms (cache miss)
489 timing reifyNode:node_modules/accepts Completed in 1974ms
490 http fetch GET 200 https://registry.npmjs.org/body-parser/-/body-parser-1.20.4.tgz 1455ms (cache miss)
491 timing reifyNode:node_modules/body-parser Completed in 2000ms
492 http fetch GET 200 https://registry.npmjs.org/dotenv/-/dotenv-16.6.1.tgz 1439ms (cache miss)
493 timing reifyNode:node_modules/dotenv Completed in 2009ms
494 http fetch GET 200 https://registry.npmjs.org/mime-db/-/mime-db-1.52.0.tgz 1854ms (cache miss)
495 timing reifyNode:node_modules/mime-db Completed in 2032ms
496 http fetch GET 200 https://registry.npmjs.org/debug/-/debug-2.6.9.tgz 1503ms (cache miss)
497 timing reifyNode:node_modules/debug Completed in 2034ms
498 timing reifyNode:node_modules/math-intrinsics Completed in 2049ms
499 timing reifyNode:node_modules/object-inspect Completed in 2064ms
500 timing reifyNode:node_modules/undici-types Completed in 2073ms
501 timing reifyNode:node_modules/mysql2/node_modules/iconv-lite Completed in 2088ms
502 http fetch GET 200 https://registry.npmjs.org/express/-/express-4.22.1.tgz 1530ms (cache miss)
503 timing reifyNode:node_modules/express Completed in 2094ms
504 http fetch GET 200 https://registry.npmjs.org/iconv-lite/-/iconv-lite-0.4.24.tgz 1905ms (cache miss)
505 timing reifyNode:node_modules/iconv-lite Completed in 2110ms
506 http fetch GET 200 https://registry.npmjs.org/qs/-/qs-6.14.2.tgz 1737ms (cache miss)
507 timing reifyNode:node_modules/qs Completed in 2128ms
508 timing reifyNode:node_modules/mysql2 Completed in 2255ms
509 timing reifyNode:node_modules/@types/node Completed in 2297ms
510 timing reify:unpack Completed in 2308ms
511 timing reify:unretire Completed in 0ms
512 timing build:queue Completed in 7ms
513 timing build:link:node_modules/mime Completed in 9ms
514 timing build:link Completed in 10ms
515 timing build:deps Completed in 17ms
516 timing build Completed in 18ms
517 timing reify:build Completed in 27ms
518 timing reify:trash Completed in 0ms
519 timing reify:save Completed in 42ms
520 timing reify Completed in 8652ms
521 silly ADD node_modules/media-typer
522 silly ADD node_modules/dunder-proto
523 silly ADD node_modules/math-intrinsics
524 silly ADD node_modules/hasown
525 silly ADD node_modules/has-symbols
526 silly ADD node_modules/gopd
527 silly ADD node_modules/get-proto
528 silly ADD node_modules/es-object-atoms
529 silly ADD node_modules/es-define-property
530 silly ADD node_modules/function-bind
531 silly ADD node_modules/call-bind-apply-helpers
532 silly ADD node_modules/get-intrinsic
533 silly ADD node_modules/call-bound
534 silly ADD node_modules/side-channel-weakmap
535 silly ADD node_modules/side-channel-map
536 silly ADD node_modules/side-channel-list
537 silly ADD node_modules/object-inspect
538 silly ADD node_modules/es-errors
539 silly ADD node_modules/mime
540 silly ADD node_modules/side-channel
541 silly ADD node_modules/ipaddr.js
542 silly ADD node_modules/forwarded
543 silly ADD node_modules/ee-first
544 silly ADD node_modules/is-property
545 silly ADD node_modules/sql-escaper
546 silly ADD node_modules/named-placeholders
547 silly ADD node_modules/lru.min
548 silly ADD node_modules/long
549 silly ADD node_modules/generate-function
550 silly ADD node_modules/denque
551 silly ADD node_modules/aws-ssl-profiles
552 silly ADD node_modules/mime-db
553 silly ADD node_modules/safer-buffer
554 silly ADD node_modules/toidentifier
555 silly ADD node_modules/inherits
556 silly ADD node_modules/ms
557 silly ADD node_modules/unpipe
558 silly ADD node_modules/raw-body
559 silly ADD node_modules/iconv-lite
560 silly ADD node_modules/destroy
561 silly ADD node_modules/bytes
562 silly ADD node_modules/negotiator
563 silly ADD node_modules/mime-types
564 silly ADD node_modules/vary
565 silly ADD node_modules/utils-merge
566 silly ADD node_modules/type-is
567 silly ADD node_modules/statuses
568 silly ADD node_modules/setprototypeof
569 silly ADD node_modules/serve-static
570 silly ADD node_modules/send
571 silly ADD node_modules/send/node_modules/ms
572 silly ADD node_modules/safe-buffer
573 silly ADD node_modules/range-parser
574 silly ADD node_modules/qs
575 silly ADD node_modules/proxy-addr
576 silly ADD node_modules/path-to-regexp
577 silly ADD node_modules/parseurl
578 silly ADD node_modules/on-finished
579 silly ADD node_modules/methods
580 silly ADD node_modules/merge-descriptors
581 silly ADD node_modules/http-errors
582 silly ADD node_modules/fresh
583 silly ADD node_modules/finalhandler
584 silly ADD node_modules/etag
585 silly ADD node_modules/escape-html
586 silly ADD node_modules/encodeurl
587 silly ADD node_modules/depd
588 silly ADD node_modules/debug
589 silly ADD node_modules/cookie-signature
590 silly ADD node_modules/cookie
591 silly ADD node_modules/content-type
592 silly ADD node_modules/content-disposition
593 silly ADD node_modules/body-parser
594 silly ADD node_modules/array-flatten
595 silly ADD node_modules/accepts
596 silly ADD node_modules/undici-types
597 silly ADD node_modules/@types/node
598 silly ADD node_modules/mysql2
599 silly ADD node_modules/mysql2/node_modules/iconv-lite
600 silly ADD node_modules/express
601 silly ADD node_modules/dotenv
602 timing command:install Completed in 8689ms
603 verbose exit 0
604 timing npm Completed in 9093ms
605 info ok
