0 verbose cli [
0 verbose cli   '/usr/bin/node',
0 verbose cli   '/usr/bin/npm',
0 verbose cli   'install',
0 verbose cli   'express',
0 verbose cli   'mysql2',
0 verbose cli   'dotenv'
0 verbose cli ]
1 info using npm@8.5.1
2 info using node@v12.22.9
3 timing npm:load:whichnode Completed in 0ms
4 timing config:load:defaults Completed in 9ms
5 timing config:load:file:/usr/share/nodejs/npm/npmrc Completed in 5ms
6 timing config:load:builtin Completed in 6ms
7 timing config:load:cli Completed in 3ms
8 timing config:load:env Completed in 0ms
9 timing config:load:file:/home/vagrant/backend/.npmrc Completed in 0ms
10 timing config:load:project Completed in 3ms
11 timing config:load:file:/home/vagrant/.npmrc Completed in 0ms
12 timing config:load:user Completed in 0ms
13 timing config:load:file:/etc/npmrc Completed in 0ms
14 timing config:load:global Completed in 0ms
15 timing config:load:validate Completed in 1ms
16 timing config:load:credentials Completed in 5ms
17 timing config:load:setEnvs Completed in 1ms
18 timing config:load Completed in 28ms
19 timing npm:load:configload Completed in 28ms
20 timing npm:load:setTitle Completed in 0ms
21 timing config:load:flatten Completed in 3ms
22 timing npm:load:display Completed in 6ms
23 verbose logfile /home/vagrant/.npm/_logs/2026-04-10T00_23_28_227Z-debug-0.log
24 timing npm:load:logFile Completed in 7ms
25 timing npm:load:timers Completed in 0ms
26 timing npm:load:configScope Completed in 0ms
27 timing npm:load Completed in 46ms
28 timing arborist:ctor Completed in 1ms
29 timing arborist:ctor Completed in 0ms
30 timing idealTree:init Completed in 48ms
31 timing idealTree:userRequests Completed in 5ms
32 silly idealTree buildDeps
33 silly fetch manifest express@*
34 http fetch GET 200 https://registry.npmjs.org/express 497ms (cache miss)
35 silly fetch manifest mysql2@*
36 http fetch GET 200 https://registry.npmjs.org/mysql2 262ms (cache miss)
37 silly fetch manifest @types/node@>= 8
38 http fetch GET 200 https://registry.npmjs.org/@types%2fnode 567ms (cache miss)
39 silly fetch manifest dotenv@*
40 http fetch GET 200 https://registry.npmjs.org/dotenv 87ms (cache miss)
41 silly placeDep ROOT dotenv@17.4.1 OK for:  want: *
42 silly placeDep ROOT express@5.2.1 OK for:  want: *
43 silly placeDep ROOT mysql2@3.21.0 OK for:  want: *
44 silly placeDep ROOT @types/node@25.5.2 OK for: mysql2@3.21.0 want: >= 8
45 silly fetch manifest qs@^6.14.0
46 silly fetch manifest depd@^2.0.0
47 silly fetch manifest etag@^1.8.1
48 silly fetch manifest once@^1.4.0
49 silly fetch manifest send@^1.1.0
50 silly fetch manifest vary@^1.1.2
51 silly fetch manifest debug@^4.4.0
52 silly fetch manifest fresh@^2.0.0
53 silly fetch manifest cookie@^0.7.1
54 silly fetch manifest router@^2.2.0
55 silly fetch manifest accepts@^2.0.0
56 silly fetch manifest type-is@^2.0.1
57 silly fetch manifest parseurl@^1.3.3
58 silly fetch manifest statuses@^2.0.1
59 silly fetch manifest encodeurl@^2.0.0
60 silly fetch manifest mime-types@^3.0.0
61 silly fetch manifest proxy-addr@^2.0.7
62 silly fetch manifest body-parser@^2.2.1
63 silly fetch manifest escape-html@^1.0.3
64 silly fetch manifest http-errors@^2.0.0
65 silly fetch manifest on-finished@^2.4.1
66 silly fetch manifest content-type@^1.0.5
67 silly fetch manifest finalhandler@^2.1.0
68 silly fetch manifest range-parser@^1.2.1
69 silly fetch manifest serve-static@^2.2.0
70 silly fetch manifest cookie-signature@^1.2.1
71 silly fetch manifest merge-descriptors@^2.0.0
72 silly fetch manifest content-disposition@^1.0.0
73 silly fetch manifest long@^5.3.2
74 silly fetch manifest denque@^2.1.0
75 silly fetch manifest lru.min@^1.1.4
76 silly fetch manifest iconv-lite@^0.7.2
77 silly fetch manifest sql-escaper@^1.3.3
78 silly fetch manifest aws-ssl-profiles@^1.1.2
79 silly fetch manifest generate-function@^2.3.1
80 silly fetch manifest named-placeholders@^1.1.6
81 silly fetch manifest undici-types@~7.18.0
82 http fetch GET 200 https://registry.npmjs.org/qs 304ms (cache miss)
83 http fetch GET 200 https://registry.npmjs.org/once 777ms (cache miss)
84 http fetch GET 200 https://registry.npmjs.org/vary 775ms (cache miss)
85 http fetch GET 200 https://registry.npmjs.org/content-type 742ms (cache miss)
86 http fetch GET 200 https://registry.npmjs.org/fresh 777ms (cache miss)
87 http fetch GET 200 https://registry.npmjs.org/encodeurl 770ms (cache miss)
88 http fetch GET 200 https://registry.npmjs.org/statuses 784ms (cache miss)
89 http fetch GET 200 https://registry.npmjs.org/mime-types 784ms (cache miss)
90 http fetch GET 200 https://registry.npmjs.org/parseurl 790ms (cache miss)
91 http fetch GET 200 https://registry.npmjs.org/etag 807ms (cache miss)
92 http fetch GET 200 https://registry.npmjs.org/escape-html 773ms (cache miss)
93 http fetch GET 200 https://registry.npmjs.org/aws-ssl-profiles 734ms (cache miss)
94 http fetch GET 200 https://registry.npmjs.org/depd 815ms (cache miss)
95 http fetch GET 200 https://registry.npmjs.org/range-parser 770ms (cache miss)
96 http fetch GET 200 https://registry.npmjs.org/merge-descriptors 767ms (cache miss)
97 http fetch GET 200 https://registry.npmjs.org/content-disposition 766ms (cache miss)
98 http fetch GET 200 https://registry.npmjs.org/proxy-addr 800ms (cache miss)
99 http fetch GET 200 https://registry.npmjs.org/http-errors 784ms (cache miss)
100 http fetch GET 200 https://registry.npmjs.org/cookie-signature 777ms (cache miss)
101 http fetch GET 200 https://registry.npmjs.org/cookie 816ms (cache miss)
102 http fetch GET 200 https://registry.npmjs.org/type-is 815ms (cache miss)
103 http fetch GET 200 https://registry.npmjs.org/finalhandler 788ms (cache miss)
104 http fetch GET 200 https://registry.npmjs.org/lru.min 764ms (cache miss)
105 http fetch GET 200 https://registry.npmjs.org/named-placeholders 754ms (cache miss)
106 http fetch GET 200 https://registry.npmjs.org/on-finished 796ms (cache miss)
107 http fetch GET 200 https://registry.npmjs.org/accepts 824ms (cache miss)
108 http fetch GET 200 https://registry.npmjs.org/long 788ms (cache miss)
109 http fetch GET 200 https://registry.npmjs.org/denque 787ms (cache miss)
110 http fetch GET 200 https://registry.npmjs.org/generate-function 767ms (cache miss)
111 http fetch GET 200 https://registry.npmjs.org/router 837ms (cache miss)
112 http fetch GET 200 https://registry.npmjs.org/send 847ms (cache miss)
113 http fetch GET 200 https://registry.npmjs.org/serve-static 811ms (cache miss)
114 http fetch GET 200 https://registry.npmjs.org/iconv-lite 788ms (cache miss)
115 http fetch GET 200 https://registry.npmjs.org/body-parser 829ms (cache miss)
116 http fetch GET 200 https://registry.npmjs.org/debug 857ms (cache miss)
117 http fetch GET 200 https://registry.npmjs.org/undici-types 783ms (cache miss)
118 http fetch GET 200 https://registry.npmjs.org/sql-escaper 978ms (cache miss)
119 timing idealTree:#root Completed in 2555ms
120 silly placeDep ROOT undici-types@7.18.2 OK for: @types/node@25.5.2 want: ~7.18.0
121 timing idealTree:node_modules/@types/node Completed in 5ms
122 timing idealTree:node_modules/dotenv Completed in 0ms
123 silly placeDep ROOT accepts@2.0.0 OK for: express@5.2.1 want: ^2.0.0
124 silly placeDep ROOT body-parser@2.2.2 OK for: express@5.2.1 want: ^2.2.1
125 silly placeDep ROOT content-disposition@1.1.0 OK for: express@5.2.1 want: ^1.0.0
126 silly placeDep ROOT content-type@1.0.5 OK for: express@5.2.1 want: ^1.0.5
127 silly placeDep ROOT cookie@0.7.2 OK for: express@5.2.1 want: ^0.7.1
128 silly placeDep ROOT cookie-signature@1.2.2 OK for: express@5.2.1 want: ^1.2.1
129 silly placeDep ROOT debug@4.4.3 OK for: express@5.2.1 want: ^4.4.0
130 silly placeDep ROOT depd@2.0.0 OK for: express@5.2.1 want: ^2.0.0
131 silly placeDep ROOT encodeurl@2.0.0 OK for: express@5.2.1 want: ^2.0.0
132 silly placeDep ROOT escape-html@1.0.3 OK for: express@5.2.1 want: ^1.0.3
133 silly placeDep ROOT etag@1.8.1 OK for: express@5.2.1 want: ^1.8.1
134 silly placeDep ROOT finalhandler@2.1.1 OK for: express@5.2.1 want: ^2.1.0
135 silly placeDep ROOT fresh@2.0.0 OK for: express@5.2.1 want: ^2.0.0
136 silly placeDep ROOT http-errors@2.0.1 OK for: express@5.2.1 want: ^2.0.0
137 silly placeDep ROOT merge-descriptors@2.0.0 OK for: express@5.2.1 want: ^2.0.0
138 silly placeDep ROOT mime-types@3.0.2 OK for: express@5.2.1 want: ^3.0.0
139 silly placeDep ROOT on-finished@2.4.1 OK for: express@5.2.1 want: ^2.4.1
140 silly placeDep ROOT once@1.4.0 OK for: express@5.2.1 want: ^1.4.0
141 silly placeDep ROOT parseurl@1.3.3 OK for: express@5.2.1 want: ^1.3.3
142 silly placeDep ROOT proxy-addr@2.0.7 OK for: express@5.2.1 want: ^2.0.7
143 silly placeDep ROOT qs@6.15.1 OK for: express@5.2.1 want: ^6.14.0
144 silly placeDep ROOT range-parser@1.2.1 OK for: express@5.2.1 want: ^1.2.1
145 silly placeDep ROOT router@2.2.0 OK for: express@5.2.1 want: ^2.2.0
146 silly placeDep ROOT send@1.2.1 OK for: express@5.2.1 want: ^1.1.0
147 silly placeDep ROOT serve-static@2.2.1 OK for: express@5.2.1 want: ^2.2.0
148 silly placeDep ROOT statuses@2.0.2 OK for: express@5.2.1 want: ^2.0.1
149 silly placeDep ROOT type-is@2.0.1 OK for: express@5.2.1 want: ^2.0.1
150 silly placeDep ROOT vary@1.1.2 OK for: express@5.2.1 want: ^1.1.2
151 silly fetch manifest negotiator@^1.0.0
152 silly fetch manifest bytes@^3.1.2
153 silly fetch manifest iconv-lite@^0.7.0
154 silly fetch manifest raw-body@^3.0.1
155 silly fetch manifest ms@^2.1.3
156 silly fetch manifest inherits@~2.0.4
157 silly fetch manifest setprototypeof@~1.2.0
158 silly fetch manifest toidentifier@~1.0.1
159 silly fetch manifest mime-db@^1.54.0
160 silly fetch manifest ee-first@1.1.1
161 silly fetch manifest wrappy@1
162 silly fetch manifest forwarded@0.2.0
163 silly fetch manifest ipaddr.js@1.9.1
164 silly fetch manifest side-channel@^1.1.0
165 silly fetch manifest is-promise@^4.0.0
166 silly fetch manifest path-to-regexp@^8.0.0
167 silly fetch manifest media-typer@^1.1.0
168 http fetch GET 200 https://registry.npmjs.org/inherits 247ms (cache miss)
169 http fetch GET 200 https://registry.npmjs.org/wrappy 241ms (cache miss)
170 http fetch GET 200 https://registry.npmjs.org/forwarded 246ms (cache miss)
171 http fetch GET 200 https://registry.npmjs.org/bytes 261ms (cache miss)
172 http fetch GET 200 https://registry.npmjs.org/side-channel 246ms (cache miss)
173 http fetch GET 200 https://registry.npmjs.org/toidentifier 263ms (cache miss)
174 http fetch GET 200 https://registry.npmjs.org/setprototypeof 265ms (cache miss)
175 http fetch GET 200 https://registry.npmjs.org/is-promise 255ms (cache miss)
176 http fetch GET 200 https://registry.npmjs.org/negotiator 274ms (cache miss)
177 http fetch GET 200 https://registry.npmjs.org/media-typer 259ms (cache miss)
178 http fetch GET 200 https://registry.npmjs.org/ms 278ms (cache miss)
179 http fetch GET 200 https://registry.npmjs.org/ipaddr.js 269ms (cache miss)
180 http fetch GET 200 https://registry.npmjs.org/raw-body 283ms (cache miss)
181 http fetch GET 200 https://registry.npmjs.org/path-to-regexp 270ms (cache miss)
182 http fetch GET 200 https://registry.npmjs.org/mime-db 281ms (cache miss)
183 http fetch GET 200 https://registry.npmjs.org/ee-first 284ms (cache miss)
184 timing idealTree:node_modules/express Completed in 441ms
185 silly placeDep ROOT negotiator@1.0.0 OK for: accepts@2.0.0 want: ^1.0.0
186 timing idealTree:node_modules/accepts Completed in 2ms
187 silly placeDep ROOT bytes@3.1.2 OK for: body-parser@2.2.2 want: ^3.1.2
188 silly placeDep ROOT iconv-lite@0.7.2 OK for: body-parser@2.2.2 want: ^0.7.0
189 silly placeDep ROOT raw-body@3.0.2 OK for: body-parser@2.2.2 want: ^3.0.1
190 silly fetch manifest safer-buffer@>= 2.1.2 < 3.0.0
191 silly fetch manifest unpipe@~1.0.0
192 http fetch GET 200 https://registry.npmjs.org/unpipe 142ms (cache miss)
193 http fetch GET 200 https://registry.npmjs.org/safer-buffer 145ms (cache miss)
194 timing idealTree:node_modules/body-parser Completed in 154ms
195 timing idealTree:node_modules/bytes Completed in 0ms
196 timing idealTree:node_modules/content-disposition Completed in 0ms
197 timing idealTree:node_modules/content-type Completed in 0ms
198 timing idealTree:node_modules/cookie Completed in 0ms
199 timing idealTree:node_modules/cookie-signature Completed in 0ms
200 silly placeDep ROOT ms@2.1.3 OK for: debug@4.4.3 want: ^2.1.3
201 timing idealTree:node_modules/debug Completed in 2ms
202 timing idealTree:node_modules/depd Completed in 0ms
203 timing idealTree:node_modules/encodeurl Completed in 0ms
204 timing idealTree:node_modules/escape-html Completed in 0ms
205 timing idealTree:node_modules/etag Completed in 0ms
206 timing idealTree:node_modules/finalhandler Completed in 0ms
207 timing idealTree:node_modules/fresh Completed in 0ms
208 silly placeDep ROOT inherits@2.0.4 OK for: http-errors@2.0.1 want: ~2.0.4
209 silly placeDep ROOT setprototypeof@1.2.0 OK for: http-errors@2.0.1 want: ~1.2.0
210 silly placeDep ROOT toidentifier@1.0.1 OK for: http-errors@2.0.1 want: ~1.0.1
211 timing idealTree:node_modules/http-errors Completed in 6ms
212 silly placeDep ROOT safer-buffer@2.1.2 OK for: iconv-lite@0.7.2 want: >= 2.1.2 < 3.0.0
213 timing idealTree:node_modules/iconv-lite Completed in 2ms
214 timing idealTree:node_modules/inherits Completed in 0ms
215 timing idealTree:node_modules/merge-descriptors Completed in 0ms
216 silly placeDep ROOT mime-db@1.54.0 OK for: mime-types@3.0.2 want: ^1.54.0
217 timing idealTree:node_modules/mime-types Completed in 2ms
218 timing idealTree:node_modules/mime-db Completed in 0ms
219 timing idealTree:node_modules/ms Completed in 0ms
220 silly placeDep ROOT aws-ssl-profiles@1.1.2 OK for: mysql2@3.21.0 want: ^1.1.2
221 silly placeDep ROOT denque@2.1.0 OK for: mysql2@3.21.0 want: ^2.1.0
222 silly placeDep ROOT generate-function@2.3.1 OK for: mysql2@3.21.0 want: ^2.3.1
223 silly placeDep ROOT long@5.3.2 OK for: mysql2@3.21.0 want: ^5.3.2
224 silly placeDep ROOT lru.min@1.1.4 OK for: mysql2@3.21.0 want: ^1.1.4
225 silly placeDep ROOT named-placeholders@1.1.6 OK for: mysql2@3.21.0 want: ^1.1.6
226 silly placeDep ROOT sql-escaper@1.3.3 OK for: mysql2@3.21.0 want: ^1.3.3
227 silly fetch manifest is-property@^1.0.2
228 http fetch GET 200 https://registry.npmjs.org/is-property 224ms (cache miss)
229 timing idealTree:node_modules/mysql2 Completed in 243ms
230 timing idealTree:node_modules/aws-ssl-profiles Completed in 0ms
231 timing idealTree:node_modules/denque Completed in 0ms
232 silly placeDep ROOT is-property@1.0.2 OK for: generate-function@2.3.1 want: ^1.0.2
233 timing idealTree:node_modules/generate-function Completed in 19ms
234 timing idealTree:node_modules/is-property Completed in 0ms
235 timing idealTree:node_modules/long Completed in 0ms
236 timing idealTree:node_modules/lru.min Completed in 0ms
237 timing idealTree:node_modules/named-placeholders Completed in 1ms
238 timing idealTree:node_modules/negotiator Completed in 0ms
239 silly placeDep ROOT ee-first@1.1.1 OK for: on-finished@2.4.1 want: 1.1.1
240 timing idealTree:node_modules/on-finished Completed in 2ms
241 timing idealTree:node_modules/ee-first Completed in 0ms
242 silly placeDep ROOT wrappy@1.0.2 OK for: once@1.4.0 want: 1
243 timing idealTree:node_modules/once Completed in 2ms
244 timing idealTree:node_modules/parseurl Completed in 0ms
245 silly placeDep ROOT forwarded@0.2.0 OK for: proxy-addr@2.0.7 want: 0.2.0
246 silly placeDep ROOT ipaddr.js@1.9.1 OK for: proxy-addr@2.0.7 want: 1.9.1
247 timing idealTree:node_modules/proxy-addr Completed in 15ms
248 timing idealTree:node_modules/forwarded Completed in 0ms
249 timing idealTree:node_modules/ipaddr.js Completed in 0ms
250 silly placeDep ROOT side-channel@1.1.0 OK for: qs@6.15.1 want: ^1.1.0
251 silly fetch manifest es-errors@^1.3.0
252 silly fetch manifest object-inspect@^1.13.3
253 silly fetch manifest side-channel-list@^1.0.0
254 silly fetch manifest side-channel-map@^1.0.1
255 silly fetch manifest side-channel-weakmap@^1.0.2
256 http fetch GET 200 https://registry.npmjs.org/side-channel-list 96ms (cache miss)
257 http fetch GET 200 https://registry.npmjs.org/es-errors 99ms (cache miss)
258 http fetch GET 200 https://registry.npmjs.org/side-channel-map 97ms (cache miss)
259 http fetch GET 200 https://registry.npmjs.org/object-inspect 101ms (cache miss)
260 http fetch GET 200 https://registry.npmjs.org/side-channel-weakmap 565ms (cache miss)
261 timing idealTree:node_modules/qs Completed in 574ms
262 timing idealTree:node_modules/range-parser Completed in 0ms
263 silly placeDep ROOT unpipe@1.0.0 OK for: raw-body@3.0.2 want: ~1.0.0
264 timing idealTree:node_modules/raw-body Completed in 2ms
265 silly placeDep ROOT is-promise@4.0.0 OK for: router@2.2.0 want: ^4.0.0
266 silly placeDep ROOT path-to-regexp@8.4.2 OK for: router@2.2.0 want: ^8.0.0
267 timing idealTree:node_modules/router Completed in 5ms
268 timing idealTree:node_modules/is-promise Completed in 0ms
269 timing idealTree:node_modules/path-to-regexp Completed in 0ms
270 timing idealTree:node_modules/safer-buffer Completed in 0ms
271 timing idealTree:node_modules/send Completed in 0ms
272 timing idealTree:node_modules/serve-static Completed in 0ms
273 timing idealTree:node_modules/setprototypeof Completed in 0ms
274 silly placeDep ROOT es-errors@1.3.0 OK for: side-channel@1.1.0 want: ^1.3.0
275 silly placeDep ROOT object-inspect@1.13.4 OK for: side-channel@1.1.0 want: ^1.13.3
276 silly placeDep ROOT side-channel-list@1.0.1 OK for: side-channel@1.1.0 want: ^1.0.0
277 silly placeDep ROOT side-channel-map@1.0.1 OK for: side-channel@1.1.0 want: ^1.0.1
278 silly placeDep ROOT side-channel-weakmap@1.0.2 OK for: side-channel@1.1.0 want: ^1.0.2
279 silly fetch manifest call-bound@^1.0.2
280 silly fetch manifest get-intrinsic@^1.2.5
281 http fetch GET 200 https://registry.npmjs.org/call-bound 136ms (cache miss)
282 http fetch GET 200 https://registry.npmjs.org/get-intrinsic 132ms (cache miss)
283 timing idealTree:node_modules/side-channel Completed in 173ms
284 timing idealTree:node_modules/es-errors Completed in 0ms
285 timing idealTree:node_modules/object-inspect Completed in 0ms
286 timing idealTree:node_modules/side-channel-list Completed in 0ms
287 silly placeDep ROOT call-bound@1.0.4 OK for: side-channel-map@1.0.1 want: ^1.0.2
288 silly placeDep ROOT get-intrinsic@1.3.0 OK for: side-channel-map@1.0.1 want: ^1.2.5
289 silly fetch manifest call-bind-apply-helpers@^1.0.2
290 silly fetch manifest gopd@^1.2.0
291 silly fetch manifest hasown@^2.0.2
292 silly fetch manifest get-proto@^1.0.1
293 silly fetch manifest has-symbols@^1.1.0
294 silly fetch manifest function-bind@^1.1.2
295 silly fetch manifest es-object-atoms@^1.1.1
296 silly fetch manifest math-intrinsics@^1.1.0
297 silly fetch manifest es-define-property@^1.0.1
298 http fetch GET 200 https://registry.npmjs.org/gopd 131ms (cache miss)
299 http fetch GET 200 https://registry.npmjs.org/get-proto 131ms (cache miss)
300 http fetch GET 200 https://registry.npmjs.org/es-object-atoms 130ms (cache miss)
301 http fetch GET 200 https://registry.npmjs.org/call-bind-apply-helpers 138ms (cache miss)
302 http fetch GET 200 https://registry.npmjs.org/hasown 137ms (cache miss)
303 http fetch GET 200 https://registry.npmjs.org/math-intrinsics 132ms (cache miss)
304 http fetch GET 200 https://registry.npmjs.org/function-bind 135ms (cache miss)
305 http fetch GET 200 https://registry.npmjs.org/es-define-property 132ms (cache miss)
306 http fetch GET 200 https://registry.npmjs.org/has-symbols 143ms (cache miss)
307 timing idealTree:node_modules/side-channel-map Completed in 161ms
308 silly placeDep ROOT call-bind-apply-helpers@1.0.2 OK for: call-bound@1.0.4 want: ^1.0.2
309 timing idealTree:node_modules/call-bound Completed in 3ms
310 silly placeDep ROOT function-bind@1.1.2 OK for: call-bind-apply-helpers@1.0.2 want: ^1.1.2
311 timing idealTree:node_modules/call-bind-apply-helpers Completed in 2ms
312 timing idealTree:node_modules/function-bind Completed in 0ms
313 silly placeDep ROOT es-define-property@1.0.1 OK for: get-intrinsic@1.3.0 want: ^1.0.1
314 silly placeDep ROOT es-object-atoms@1.1.1 OK for: get-intrinsic@1.3.0 want: ^1.1.1
315 silly placeDep ROOT get-proto@1.0.1 OK for: get-intrinsic@1.3.0 want: ^1.0.1
316 silly placeDep ROOT gopd@1.2.0 OK for: get-intrinsic@1.3.0 want: ^1.2.0
317 silly placeDep ROOT has-symbols@1.1.0 OK for: get-intrinsic@1.3.0 want: ^1.1.0
318 silly placeDep ROOT hasown@2.0.2 OK for: get-intrinsic@1.3.0 want: ^2.0.2
319 silly placeDep ROOT math-intrinsics@1.1.0 OK for: get-intrinsic@1.3.0 want: ^1.1.0
320 silly fetch manifest dunder-proto@^1.0.1
321 http fetch GET 200 https://registry.npmjs.org/dunder-proto 76ms (cache miss)
322 timing idealTree:node_modules/get-intrinsic Completed in 100ms
323 timing idealTree:node_modules/es-define-property Completed in 0ms
324 timing idealTree:node_modules/es-object-atoms Completed in 0ms
325 silly placeDep ROOT dunder-proto@1.0.1 OK for: get-proto@1.0.1 want: ^1.0.1
326 timing idealTree:node_modules/get-proto Completed in 3ms
327 timing idealTree:node_modules/dunder-proto Completed in 0ms
328 timing idealTree:node_modules/gopd Completed in 0ms
329 timing idealTree:node_modules/has-symbols Completed in 0ms
330 timing idealTree:node_modules/hasown Completed in 0ms
331 timing idealTree:node_modules/math-intrinsics Completed in 0ms
332 timing idealTree:node_modules/side-channel-weakmap Completed in 0ms
333 timing idealTree:node_modules/sql-escaper Completed in 0ms
334 timing idealTree:node_modules/statuses Completed in 0ms
335 timing idealTree:node_modules/toidentifier Completed in 0ms
336 silly placeDep ROOT media-typer@1.1.0 OK for: type-is@2.0.1 want: ^1.1.0
337 timing idealTree:node_modules/type-is Completed in 2ms
338 timing idealTree:node_modules/media-typer Completed in 0ms
339 timing idealTree:node_modules/undici-types Completed in 0ms
340 timing idealTree:node_modules/unpipe Completed in 0ms
341 timing idealTree:node_modules/vary Completed in 0ms
342 timing idealTree:node_modules/wrappy Completed in 0ms
343 timing idealTree:buildDeps Completed in 4489ms
344 timing idealTree:fixDepFlags Completed in 3ms
345 warn EBADENGINE Unsupported engine {
345 warn EBADENGINE   package: 'express@5.2.1',
345 warn EBADENGINE   required: { node: '>= 18' },
345 warn EBADENGINE   current: { node: 'v12.22.9', npm: '8.5.1' }
345 warn EBADENGINE }
346 warn EBADENGINE Unsupported engine {
346 warn EBADENGINE   package: 'body-parser@2.2.2',
346 warn EBADENGINE   required: { node: '>=18' },
346 warn EBADENGINE   current: { node: 'v12.22.9', npm: '8.5.1' }
346 warn EBADENGINE }
347 warn EBADENGINE Unsupported engine {
347 warn EBADENGINE   package: 'content-disposition@1.1.0',
347 warn EBADENGINE   required: { node: '>=18' },
347 warn EBADENGINE   current: { node: 'v12.22.9', npm: '8.5.1' }
347 warn EBADENGINE }
348 warn EBADENGINE Unsupported engine {
348 warn EBADENGINE   package: 'finalhandler@2.1.1',
348 warn EBADENGINE   required: { node: '>= 18.0.0' },
348 warn EBADENGINE   current: { node: 'v12.22.9', npm: '8.5.1' }
348 warn EBADENGINE }
349 warn EBADENGINE Unsupported engine {
349 warn EBADENGINE   package: 'merge-descriptors@2.0.0',
349 warn EBADENGINE   required: { node: '>=18' },
349 warn EBADENGINE   current: { node: 'v12.22.9', npm: '8.5.1' }
349 warn EBADENGINE }
350 warn EBADENGINE Unsupported engine {
350 warn EBADENGINE   package: 'mime-types@3.0.2',
350 warn EBADENGINE   required: { node: '>=18' },
350 warn EBADENGINE   current: { node: 'v12.22.9', npm: '8.5.1' }
350 warn EBADENGINE }
351 warn EBADENGINE Unsupported engine {
351 warn EBADENGINE   package: 'router@2.2.0',
351 warn EBADENGINE   required: { node: '>= 18' },
351 warn EBADENGINE   current: { node: 'v12.22.9', npm: '8.5.1' }
351 warn EBADENGINE }
352 warn EBADENGINE Unsupported engine {
352 warn EBADENGINE   package: 'send@1.2.1',
352 warn EBADENGINE   required: { node: '>= 18' },
352 warn EBADENGINE   current: { node: 'v12.22.9', npm: '8.5.1' }
352 warn EBADENGINE }
353 warn EBADENGINE Unsupported engine {
353 warn EBADENGINE   package: 'serve-static@2.2.1',
353 warn EBADENGINE   required: { node: '>= 18' },
353 warn EBADENGINE   current: { node: 'v12.22.9', npm: '8.5.1' }
353 warn EBADENGINE }
354 timing idealTree Completed in 4602ms
355 timing reify:loadTrees Completed in 4603ms
356 timing reify:diffTrees Completed in 7ms
357 silly reify moves {}
358 timing reify:retireShallow Completed in 1ms
359 timing reify:createSparse Completed in 48ms
360 timing reify:loadBundles Completed in 0ms
361 silly audit bulk request {
361 silly audit   dotenv: [ '17.4.1' ],
361 silly audit   express: [ '5.2.1' ],
361 silly audit   mysql2: [ '3.21.0' ],
361 silly audit   '@types/node': [ '25.5.2' ],
361 silly audit   'undici-types': [ '7.18.2' ],
361 silly audit   accepts: [ '2.0.0' ],
361 silly audit   'body-parser': [ '2.2.2' ],
361 silly audit   'content-disposition': [ '1.1.0' ],
361 silly audit   'content-type': [ '1.0.5' ],
361 silly audit   cookie: [ '0.7.2' ],
361 silly audit   'cookie-signature': [ '1.2.2' ],
361 silly audit   debug: [ '4.4.3' ],
361 silly audit   depd: [ '2.0.0' ],
361 silly audit   encodeurl: [ '2.0.0' ],
361 silly audit   'escape-html': [ '1.0.3' ],
361 silly audit   etag: [ '1.8.1' ],
361 silly audit   finalhandler: [ '2.1.1' ],
361 silly audit   fresh: [ '2.0.0' ],
361 silly audit   'http-errors': [ '2.0.1' ],
361 silly audit   'merge-descriptors': [ '2.0.0' ],
361 silly audit   'mime-types': [ '3.0.2' ],
361 silly audit   'on-finished': [ '2.4.1' ],
361 silly audit   once: [ '1.4.0' ],
361 silly audit   parseurl: [ '1.3.3' ],
361 silly audit   'proxy-addr': [ '2.0.7' ],
361 silly audit   qs: [ '6.15.1' ],
361 silly audit   'range-parser': [ '1.2.1' ],
361 silly audit   router: [ '2.2.0' ],
361 silly audit   send: [ '1.2.1' ],
361 silly audit   'serve-static': [ '2.2.1' ],
361 silly audit   statuses: [ '2.0.2' ],
361 silly audit   'type-is': [ '2.0.1' ],
361 silly audit   vary: [ '1.1.2' ],
361 silly audit   negotiator: [ '1.0.0' ],
361 silly audit   bytes: [ '3.1.2' ],
361 silly audit   'iconv-lite': [ '0.7.2' ],
361 silly audit   'raw-body': [ '3.0.2' ],
361 silly audit   ms: [ '2.1.3' ],
361 silly audit   inherits: [ '2.0.4' ],
361 silly audit   setprototypeof: [ '1.2.0' ],
361 silly audit   toidentifier: [ '1.0.1' ],
361 silly audit   'safer-buffer': [ '2.1.2' ],
361 silly audit   'mime-db': [ '1.54.0' ],
361 silly audit   'aws-ssl-profiles': [ '1.1.2' ],
361 silly audit   denque: [ '2.1.0' ],
361 silly audit   'generate-function': [ '2.3.1' ],
361 silly audit   long: [ '5.3.2' ],
361 silly audit   'lru.min': [ '1.1.4' ],
361 silly audit   'named-placeholders': [ '1.1.6' ],
361 silly audit   'sql-escaper': [ '1.3.3' ],
361 silly audit   'is-property': [ '1.0.2' ],
361 silly audit   'ee-first': [ '1.1.1' ],
361 silly audit   wrappy: [ '1.0.2' ],
361 silly audit   forwarded: [ '0.2.0' ],
361 silly audit   'ipaddr.js': [ '1.9.1' ],
361 silly audit   'side-channel': [ '1.1.0' ],
361 silly audit   unpipe: [ '1.0.0' ],
361 silly audit   'is-promise': [ '4.0.0' ],
361 silly audit   'path-to-regexp': [ '8.4.2' ],
361 silly audit   'es-errors': [ '1.3.0' ],
361 silly audit   'object-inspect': [ '1.13.4' ],
361 silly audit   'side-channel-list': [ '1.0.1' ],
361 silly audit   'side-channel-map': [ '1.0.1' ],
361 silly audit   'side-channel-weakmap': [ '1.0.2' ],
361 silly audit   'call-bound': [ '1.0.4' ],
361 silly audit   'get-intrinsic': [ '1.3.0' ],
361 silly audit   'call-bind-apply-helpers': [ '1.0.2' ],
361 silly audit   'function-bind': [ '1.1.2' ],
361 silly audit   'es-define-property': [ '1.0.1' ],
361 silly audit   'es-object-atoms': [ '1.1.1' ],
361 silly audit   'get-proto': [ '1.0.1' ],
361 silly audit   gopd: [ '1.2.0' ],
361 silly audit   'has-symbols': [ '1.1.0' ],
361 silly audit   hasown: [ '2.0.2' ],
361 silly audit   'math-intrinsics': [ '1.1.0' ],
361 silly audit   'dunder-proto': [ '1.0.1' ],
361 silly audit   'media-typer': [ '1.1.0' ]
361 silly audit }
362 silly tarball no local data for media-typer@https://registry.npmjs.org/media-typer/-/media-typer-1.1.0.tgz. Extracting by manifest.
363 silly tarball no local data for dunder-proto@https://registry.npmjs.org/dunder-proto/-/dunder-proto-1.0.1.tgz. Extracting by manifest.
364 silly tarball no local data for math-intrinsics@https://registry.npmjs.org/math-intrinsics/-/math-intrinsics-1.1.0.tgz. Extracting by manifest.
365 silly tarball no local data for hasown@https://registry.npmjs.org/hasown/-/hasown-2.0.2.tgz. Extracting by manifest.
366 silly tarball no local data for has-symbols@https://registry.npmjs.org/has-symbols/-/has-symbols-1.1.0.tgz. Extracting by manifest.
367 silly tarball no local data for gopd@https://registry.npmjs.org/gopd/-/gopd-1.2.0.tgz. Extracting by manifest.
368 silly tarball no local data for get-proto@https://registry.npmjs.org/get-proto/-/get-proto-1.0.1.tgz. Extracting by manifest.
369 silly tarball no local data for es-object-atoms@https://registry.npmjs.org/es-object-atoms/-/es-object-atoms-1.1.1.tgz. Extracting by manifest.
370 silly tarball no local data for es-define-property@https://registry.npmjs.org/es-define-property/-/es-define-property-1.0.1.tgz. Extracting by manifest.
371 silly tarball no local data for function-bind@https://registry.npmjs.org/function-bind/-/function-bind-1.1.2.tgz. Extracting by manifest.
372 silly tarball no local data for call-bind-apply-helpers@https://registry.npmjs.org/call-bind-apply-helpers/-/call-bind-apply-helpers-1.0.2.tgz. Extracting by manifest.
373 silly tarball no local data for get-intrinsic@https://registry.npmjs.org/get-intrinsic/-/get-intrinsic-1.3.0.tgz. Extracting by manifest.
374 silly tarball no local data for call-bound@https://registry.npmjs.org/call-bound/-/call-bound-1.0.4.tgz. Extracting by manifest.
375 silly tarball no local data for side-channel-weakmap@https://registry.npmjs.org/side-channel-weakmap/-/side-channel-weakmap-1.0.2.tgz. Extracting by manifest.
376 silly tarball no local data for side-channel-map@https://registry.npmjs.org/side-channel-map/-/side-channel-map-1.0.1.tgz. Extracting by manifest.
377 silly tarball no local data for side-channel-list@https://registry.npmjs.org/side-channel-list/-/side-channel-list-1.0.1.tgz. Extracting by manifest.
378 silly tarball no local data for object-inspect@https://registry.npmjs.org/object-inspect/-/object-inspect-1.13.4.tgz. Extracting by manifest.
379 silly tarball no local data for es-errors@https://registry.npmjs.org/es-errors/-/es-errors-1.3.0.tgz. Extracting by manifest.
380 silly tarball no local data for path-to-regexp@https://registry.npmjs.org/path-to-regexp/-/path-to-regexp-8.4.2.tgz. Extracting by manifest.
381 silly tarball no local data for is-promise@https://registry.npmjs.org/is-promise/-/is-promise-4.0.0.tgz. Extracting by manifest.
382 silly tarball no local data for unpipe@https://registry.npmjs.org/unpipe/-/unpipe-1.0.0.tgz. Extracting by manifest.
383 silly tarball no local data for side-channel@https://registry.npmjs.org/side-channel/-/side-channel-1.1.0.tgz. Extracting by manifest.
384 silly tarball no local data for ipaddr.js@https://registry.npmjs.org/ipaddr.js/-/ipaddr.js-1.9.1.tgz. Extracting by manifest.
385 silly tarball no local data for forwarded@https://registry.npmjs.org/forwarded/-/forwarded-0.2.0.tgz. Extracting by manifest.
386 silly tarball no local data for wrappy@https://registry.npmjs.org/wrappy/-/wrappy-1.0.2.tgz. Extracting by manifest.
387 silly tarball no local data for ee-first@https://registry.npmjs.org/ee-first/-/ee-first-1.1.1.tgz. Extracting by manifest.
388 silly tarball no local data for is-property@https://registry.npmjs.org/is-property/-/is-property-1.0.2.tgz. Extracting by manifest.
389 silly tarball no local data for sql-escaper@https://registry.npmjs.org/sql-escaper/-/sql-escaper-1.3.3.tgz. Extracting by manifest.
390 silly tarball no local data for named-placeholders@https://registry.npmjs.org/named-placeholders/-/named-placeholders-1.1.6.tgz. Extracting by manifest.
391 silly tarball no local data for lru.min@https://registry.npmjs.org/lru.min/-/lru.min-1.1.4.tgz. Extracting by manifest.
392 silly tarball no local data for long@https://registry.npmjs.org/long/-/long-5.3.2.tgz. Extracting by manifest.
393 silly tarball no local data for generate-function@https://registry.npmjs.org/generate-function/-/generate-function-2.3.1.tgz. Extracting by manifest.
394 silly tarball no local data for denque@https://registry.npmjs.org/denque/-/denque-2.1.0.tgz. Extracting by manifest.
395 silly tarball no local data for aws-ssl-profiles@https://registry.npmjs.org/aws-ssl-profiles/-/aws-ssl-profiles-1.1.2.tgz. Extracting by manifest.
396 silly tarball no local data for mime-db@https://registry.npmjs.org/mime-db/-/mime-db-1.54.0.tgz. Extracting by manifest.
397 silly tarball no local data for safer-buffer@https://registry.npmjs.org/safer-buffer/-/safer-buffer-2.1.2.tgz. Extracting by manifest.
398 silly tarball no local data for toidentifier@https://registry.npmjs.org/toidentifier/-/toidentifier-1.0.1.tgz. Extracting by manifest.
399 silly tarball no local data for setprototypeof@https://registry.npmjs.org/setprototypeof/-/setprototypeof-1.2.0.tgz. Extracting by manifest.
400 silly tarball no local data for inherits@https://registry.npmjs.org/inherits/-/inherits-2.0.4.tgz. Extracting by manifest.
401 silly tarball no local data for ms@https://registry.npmjs.org/ms/-/ms-2.1.3.tgz. Extracting by manifest.
402 silly tarball no local data for raw-body@https://registry.npmjs.org/raw-body/-/raw-body-3.0.2.tgz. Extracting by manifest.
403 silly tarball no local data for iconv-lite@https://registry.npmjs.org/iconv-lite/-/iconv-lite-0.7.2.tgz. Extracting by manifest.
404 silly tarball no local data for bytes@https://registry.npmjs.org/bytes/-/bytes-3.1.2.tgz. Extracting by manifest.
405 silly tarball no local data for negotiator@https://registry.npmjs.org/negotiator/-/negotiator-1.0.0.tgz. Extracting by manifest.
406 silly tarball no local data for vary@https://registry.npmjs.org/vary/-/vary-1.1.2.tgz. Extracting by manifest.
407 silly tarball no local data for type-is@https://registry.npmjs.org/type-is/-/type-is-2.0.1.tgz. Extracting by manifest.
408 silly tarball no local data for statuses@https://registry.npmjs.org/statuses/-/statuses-2.0.2.tgz. Extracting by manifest.
409 silly tarball no local data for serve-static@https://registry.npmjs.org/serve-static/-/serve-static-2.2.1.tgz. Extracting by manifest.
410 silly tarball no local data for send@https://registry.npmjs.org/send/-/send-1.2.1.tgz. Extracting by manifest.
411 silly tarball no local data for router@https://registry.npmjs.org/router/-/router-2.2.0.tgz. Extracting by manifest.
412 silly tarball no local data for range-parser@https://registry.npmjs.org/range-parser/-/range-parser-1.2.1.tgz. Extracting by manifest.
413 silly tarball no local data for qs@https://registry.npmjs.org/qs/-/qs-6.15.1.tgz. Extracting by manifest.
414 silly tarball no local data for proxy-addr@https://registry.npmjs.org/proxy-addr/-/proxy-addr-2.0.7.tgz. Extracting by manifest.
415 silly tarball no local data for parseurl@https://registry.npmjs.org/parseurl/-/parseurl-1.3.3.tgz. Extracting by manifest.
416 silly tarball no local data for once@https://registry.npmjs.org/once/-/once-1.4.0.tgz. Extracting by manifest.
417 silly tarball no local data for on-finished@https://registry.npmjs.org/on-finished/-/on-finished-2.4.1.tgz. Extracting by manifest.
418 silly tarball no local data for mime-types@https://registry.npmjs.org/mime-types/-/mime-types-3.0.2.tgz. Extracting by manifest.
419 silly tarball no local data for merge-descriptors@https://registry.npmjs.org/merge-descriptors/-/merge-descriptors-2.0.0.tgz. Extracting by manifest.
420 silly tarball no local data for http-errors@https://registry.npmjs.org/http-errors/-/http-errors-2.0.1.tgz. Extracting by manifest.
421 silly tarball no local data for fresh@https://registry.npmjs.org/fresh/-/fresh-2.0.0.tgz. Extracting by manifest.
422 silly tarball no local data for finalhandler@https://registry.npmjs.org/finalhandler/-/finalhandler-2.1.1.tgz. Extracting by manifest.
423 silly tarball no local data for etag@https://registry.npmjs.org/etag/-/etag-1.8.1.tgz. Extracting by manifest.
424 silly tarball no local data for escape-html@https://registry.npmjs.org/escape-html/-/escape-html-1.0.3.tgz. Extracting by manifest.
425 silly tarball no local data for encodeurl@https://registry.npmjs.org/encodeurl/-/encodeurl-2.0.0.tgz. Extracting by manifest.
426 silly tarball no local data for depd@https://registry.npmjs.org/depd/-/depd-2.0.0.tgz. Extracting by manifest.
427 silly tarball no local data for debug@https://registry.npmjs.org/debug/-/debug-4.4.3.tgz. Extracting by manifest.
428 silly tarball no local data for cookie-signature@https://registry.npmjs.org/cookie-signature/-/cookie-signature-1.2.2.tgz. Extracting by manifest.
429 silly tarball no local data for cookie@https://registry.npmjs.org/cookie/-/cookie-0.7.2.tgz. Extracting by manifest.
430 silly tarball no local data for content-type@https://registry.npmjs.org/content-type/-/content-type-1.0.5.tgz. Extracting by manifest.
431 silly tarball no local data for content-disposition@https://registry.npmjs.org/content-disposition/-/content-disposition-1.1.0.tgz. Extracting by manifest.
432 silly tarball no local data for body-parser@https://registry.npmjs.org/body-parser/-/body-parser-2.2.2.tgz. Extracting by manifest.
433 silly tarball no local data for accepts@https://registry.npmjs.org/accepts/-/accepts-2.0.0.tgz. Extracting by manifest.
434 silly tarball no local data for undici-types@https://registry.npmjs.org/undici-types/-/undici-types-7.18.2.tgz. Extracting by manifest.
435 silly tarball no local data for @types/node@https://registry.npmjs.org/@types/node/-/node-25.5.2.tgz. Extracting by manifest.
436 silly tarball no local data for mysql2@https://registry.npmjs.org/mysql2/-/mysql2-3.21.0.tgz. Extracting by manifest.
437 silly tarball no local data for express@https://registry.npmjs.org/express/-/express-5.2.1.tgz. Extracting by manifest.
438 silly tarball no local data for dotenv@https://registry.npmjs.org/dotenv/-/dotenv-17.4.1.tgz. Extracting by manifest.
439 http fetch POST 200 https://registry.npmjs.org/-/npm/v1/security/advisories/bulk 2260ms
440 timing auditReport:getReport Completed in 2264ms
441 silly audit report {}
442 timing auditReport:init Completed in 0ms
443 timing reify:audit Completed in 2266ms
444 http fetch GET 200 https://registry.npmjs.org/inherits/-/inherits-2.0.4.tgz 2054ms (cache miss)
445 timing reifyNode:node_modules/inherits Completed in 2613ms
446 http fetch GET 200 https://registry.npmjs.org/ee-first/-/ee-first-1.1.1.tgz 2201ms (cache miss)
447 timing reifyNode:node_modules/ee-first Completed in 2650ms
448 http fetch GET 200 https://registry.npmjs.org/forwarded/-/forwarded-0.2.0.tgz 2270ms (cache miss)
449 timing reifyNode:node_modules/forwarded Completed in 2700ms
450 http fetch GET 200 https://registry.npmjs.org/named-placeholders/-/named-placeholders-1.1.6.tgz 2238ms (cache miss)
451 timing reifyNode:node_modules/named-placeholders Completed in 2704ms
452 http fetch GET 200 https://registry.npmjs.org/once/-/once-1.4.0.tgz 2016ms (cache miss)
453 timing reifyNode:node_modules/once Completed in 2719ms
454 http fetch GET 200 https://registry.npmjs.org/merge-descriptors/-/merge-descriptors-2.0.0.tgz 1980ms (cache miss)
455 timing reifyNode:node_modules/merge-descriptors Completed in 2723ms
456 http fetch GET 200 https://registry.npmjs.org/media-typer/-/media-typer-1.1.0.tgz 2640ms (cache miss)
457 timing reifyNode:node_modules/media-typer Completed in 2744ms
458 http fetch GET 200 https://registry.npmjs.org/setprototypeof/-/setprototypeof-1.2.0.tgz 2198ms (cache miss)
459 timing reifyNode:node_modules/setprototypeof Completed in 2748ms
460 http fetch GET 200 https://registry.npmjs.org/generate-function/-/generate-function-2.3.1.tgz 2271ms (cache miss)
461 timing reifyNode:node_modules/generate-function Completed in 2769ms
462 http fetch GET 200 https://registry.npmjs.org/etag/-/etag-1.8.1.tgz 1982ms (cache miss)
463 timing reifyNode:node_modules/etag Completed in 2774ms
464 http fetch GET 200 https://registry.npmjs.org/raw-body/-/raw-body-3.0.2.tgz 2211ms (cache miss)
465 timing reifyNode:node_modules/raw-body Completed in 2796ms
466 http fetch GET 200 https://registry.npmjs.org/cookie-signature/-/cookie-signature-1.2.2.tgz 1956ms (cache miss)
467 timing reifyNode:node_modules/cookie-signature Completed in 2800ms
468 http fetch GET 200 https://registry.npmjs.org/toidentifier/-/toidentifier-1.0.1.tgz 2275ms (cache miss)
469 timing reifyNode:node_modules/toidentifier Completed in 2819ms
470 http fetch GET 200 https://registry.npmjs.org/range-parser/-/range-parser-1.2.1.tgz 2181ms (cache miss)
471 timing reifyNode:node_modules/range-parser Completed in 2843ms
472 http fetch GET 200 https://registry.npmjs.org/escape-html/-/escape-html-1.0.3.tgz 2067ms (cache miss)
473 timing reifyNode:node_modules/escape-html Completed in 2866ms
474 http fetch GET 200 https://registry.npmjs.org/encodeurl/-/encodeurl-2.0.0.tgz 2064ms (cache miss)
475 timing reifyNode:node_modules/encodeurl Completed in 2871ms
476 http fetch GET 200 https://registry.npmjs.org/on-finished/-/on-finished-2.4.1.tgz 2176ms (cache miss)
477 timing reifyNode:node_modules/on-finished Completed in 2886ms
478 http fetch GET 200 https://registry.npmjs.org/is-promise/-/is-promise-4.0.0.tgz 2582ms (cache miss)
479 timing reifyNode:node_modules/is-promise Completed in 2923ms
480 http fetch GET 200 https://registry.npmjs.org/send/-/send-1.2.1.tgz 2274ms (cache miss)
481 timing reifyNode:node_modules/send Completed in 2927ms
482 http fetch GET 200 https://registry.npmjs.org/unpipe/-/unpipe-1.0.0.tgz 2647ms (cache miss)
483 timing reifyNode:node_modules/unpipe Completed in 2997ms
484 http fetch GET 200 https://registry.npmjs.org/wrappy/-/wrappy-1.0.2.tgz 2563ms (cache miss)
485 timing reifyNode:node_modules/wrappy Completed in 3007ms
486 http fetch GET 200 https://registry.npmjs.org/denque/-/denque-2.1.0.tgz 2513ms (cache miss)
487 timing reifyNode:node_modules/denque Completed in 3016ms
488 http fetch GET 200 https://registry.npmjs.org/es-object-atoms/-/es-object-atoms-1.1.1.tgz 2904ms (cache miss)
489 timing reifyNode:node_modules/es-object-atoms Completed in 3077ms
490 http fetch GET 200 https://registry.npmjs.org/get-intrinsic/-/get-intrinsic-1.3.0.tgz 2847ms (cache miss)
491 timing reifyNode:node_modules/get-intrinsic Completed in 3082ms
492 http fetch GET 200 https://registry.npmjs.org/ipaddr.js/-/ipaddr.js-1.9.1.tgz 2726ms (cache miss)
493 timing reifyNode:node_modules/ipaddr.js Completed in 3089ms
494 http fetch GET 200 https://registry.npmjs.org/is-property/-/is-property-1.0.2.tgz 2640ms (cache miss)
495 timing reifyNode:node_modules/is-property Completed in 3094ms
496 http fetch GET 200 https://registry.npmjs.org/ms/-/ms-2.1.3.tgz 2520ms (cache miss)
497 timing reifyNode:node_modules/ms Completed in 3099ms
498 http fetch GET 200 https://registry.npmjs.org/side-channel-weakmap/-/side-channel-weakmap-1.0.2.tgz 2868ms (cache miss)
499 timing reifyNode:node_modules/side-channel-weakmap Completed in 3119ms
500 http fetch GET 200 https://registry.npmjs.org/path-to-regexp/-/path-to-regexp-8.4.2.tgz 2790ms (cache miss)
501 timing reifyNode:node_modules/path-to-regexp Completed in 3124ms
502 http fetch GET 200 https://registry.npmjs.org/vary/-/vary-1.1.2.tgz 2504ms (cache miss)
503 timing reifyNode:node_modules/vary Completed in 3127ms
504 http fetch GET 200 https://registry.npmjs.org/statuses/-/statuses-2.0.2.tgz 2511ms (cache miss)
505 timing reifyNode:node_modules/statuses Completed in 3144ms
506 http fetch GET 200 https://registry.npmjs.org/serve-static/-/serve-static-2.2.1.tgz 2515ms (cache miss)
507 timing reifyNode:node_modules/serve-static Completed in 3149ms
508 http fetch GET 200 https://registry.npmjs.org/mime-types/-/mime-types-3.0.2.tgz 2432ms (cache miss)
509 timing reifyNode:node_modules/mime-types Completed in 3168ms
510 http fetch GET 200 https://registry.npmjs.org/content-disposition/-/content-disposition-1.1.0.tgz 2288ms (cache miss)
511 timing reifyNode:node_modules/content-disposition Completed in 3174ms
512 http fetch GET 200 https://registry.npmjs.org/get-proto/-/get-proto-1.0.1.tgz 3028ms (cache miss)
513 timing reifyNode:node_modules/get-proto Completed in 3194ms
514 http fetch GET 200 https://registry.npmjs.org/side-channel-map/-/side-channel-map-1.0.1.tgz 2914ms (cache miss)
515 timing reifyNode:node_modules/side-channel-map Completed in 3199ms
516 http fetch GET 200 https://registry.npmjs.org/bytes/-/bytes-3.1.2.tgz 2588ms (cache miss)
517 timing reifyNode:node_modules/bytes Completed in 3205ms
518 http fetch GET 200 https://registry.npmjs.org/http-errors/-/http-errors-2.0.1.tgz 2458ms (cache miss)
519 timing reifyNode:node_modules/http-errors Completed in 3208ms
520 http fetch GET 200 https://registry.npmjs.org/fresh/-/fresh-2.0.0.tgz 2486ms (cache miss)
521 timing reifyNode:node_modules/fresh Completed in 3243ms
522 http fetch GET 200 https://registry.npmjs.org/cookie/-/cookie-0.7.2.tgz 2398ms (cache miss)
523 timing reifyNode:node_modules/cookie Completed in 3248ms
524 http fetch GET 200 https://registry.npmjs.org/accepts/-/accepts-2.0.0.tgz 2355ms (cache miss)
525 timing reifyNode:node_modules/accepts Completed in 3255ms
526 http fetch GET 200 https://registry.npmjs.org/lru.min/-/lru.min-1.1.4.tgz 2824ms (cache miss)
527 timing reifyNode:node_modules/lru.min Completed in 3297ms
528 http fetch GET 200 https://registry.npmjs.org/safer-buffer/-/safer-buffer-2.1.2.tgz 2767ms (cache miss)
529 timing reifyNode:node_modules/safer-buffer Completed in 3305ms
530 http fetch GET 200 https://registry.npmjs.org/type-is/-/type-is-2.0.1.tgz 2681ms (cache miss)
531 timing reifyNode:node_modules/type-is Completed in 3309ms
532 http fetch GET 200 https://registry.npmjs.org/proxy-addr/-/proxy-addr-2.0.7.tgz 2622ms (cache miss)
533 timing reifyNode:node_modules/proxy-addr Completed in 3313ms
534 http fetch GET 200 https://registry.npmjs.org/parseurl/-/parseurl-1.3.3.tgz 2621ms (cache miss)
535 timing reifyNode:node_modules/parseurl Completed in 3318ms
536 http fetch GET 200 https://registry.npmjs.org/content-type/-/content-type-1.0.5.tgz 2465ms (cache miss)
537 timing reifyNode:node_modules/content-type Completed in 3322ms
538 http fetch GET 200 https://registry.npmjs.org/hasown/-/hasown-2.0.2.tgz 3244ms (cache miss)
539 timing reifyNode:node_modules/hasown Completed in 3371ms
540 http fetch GET 200 https://registry.npmjs.org/gopd/-/gopd-1.2.0.tgz 3220ms (cache miss)
541 timing reifyNode:node_modules/gopd Completed in 3378ms
542 http fetch GET 200 https://registry.npmjs.org/es-define-property/-/es-define-property-1.0.1.tgz 3201ms (cache miss)
543 timing reifyNode:node_modules/es-define-property Completed in 3383ms
544 http fetch GET 200 https://registry.npmjs.org/router/-/router-2.2.0.tgz 2754ms (cache miss)
545 timing reifyNode:node_modules/router Completed in 3411ms
546 http fetch GET 200 https://registry.npmjs.org/depd/-/depd-2.0.0.tgz 2603ms (cache miss)
547 timing reifyNode:node_modules/depd Completed in 3416ms
548 http fetch GET 200 https://registry.npmjs.org/has-symbols/-/has-symbols-1.1.0.tgz 3360ms (cache miss)
549 timing reifyNode:node_modules/has-symbols Completed in 3497ms
550 http fetch GET 200 https://registry.npmjs.org/call-bound/-/call-bound-1.0.4.tgz 3268ms (cache miss)
551 timing reifyNode:node_modules/call-bound Completed in 3512ms
552 http fetch GET 200 https://registry.npmjs.org/side-channel/-/side-channel-1.1.0.tgz 3161ms (cache miss)
553 timing reifyNode:node_modules/side-channel Completed in 3517ms
554 http fetch GET 200 https://registry.npmjs.org/negotiator/-/negotiator-1.0.0.tgz 2903ms (cache miss)
555 timing reifyNode:node_modules/negotiator Completed in 3522ms
556 http fetch GET 200 https://registry.npmjs.org/dunder-proto/-/dunder-proto-1.0.1.tgz 3428ms (cache miss)
557 timing reifyNode:node_modules/dunder-proto Completed in 3541ms
558 http fetch GET 200 https://registry.npmjs.org/function-bind/-/function-bind-1.1.2.tgz 3329ms (cache miss)
559 timing reifyNode:node_modules/function-bind Completed in 3546ms
560 http fetch GET 200 https://registry.npmjs.org/side-channel-list/-/side-channel-list-1.0.1.tgz 3260ms (cache miss)
561 timing reifyNode:node_modules/side-channel-list Completed in 3550ms
562 http fetch GET 200 https://registry.npmjs.org/debug/-/debug-4.4.3.tgz 2735ms (cache miss)
563 timing reifyNode:node_modules/debug Completed in 3574ms
564 http fetch GET 200 https://registry.npmjs.org/finalhandler/-/finalhandler-2.1.1.tgz 2805ms (cache miss)
565 timing reifyNode:node_modules/finalhandler Completed in 3590ms
566 http fetch GET 200 https://registry.npmjs.org/es-errors/-/es-errors-1.3.0.tgz 3325ms (cache miss)
567 timing reifyNode:node_modules/es-errors Completed in 3635ms
568 http fetch GET 200 https://registry.npmjs.org/sql-escaper/-/sql-escaper-1.3.3.tgz 3179ms (cache miss)
569 timing reifyNode:node_modules/sql-escaper Completed in 3639ms
570 http fetch GET 200 https://registry.npmjs.org/call-bind-apply-helpers/-/call-bind-apply-helpers-1.0.2.tgz 3423ms (cache miss)
571 timing reifyNode:node_modules/call-bind-apply-helpers Completed in 3649ms
572 http fetch GET 200 https://registry.npmjs.org/long/-/long-5.3.2.tgz 3168ms (cache miss)
573 timing reifyNode:node_modules/long Completed in 3671ms
574 http fetch GET 200 https://registry.npmjs.org/body-parser/-/body-parser-2.2.2.tgz 2786ms (cache miss)
575 timing reifyNode:node_modules/body-parser Completed in 3678ms
576 http fetch GET 200 https://registry.npmjs.org/mime-db/-/mime-db-1.54.0.tgz 3159ms (cache miss)
577 timing reifyNode:node_modules/mime-db Completed in 3692ms
578 http fetch GET 200 https://registry.npmjs.org/express/-/express-5.2.1.tgz 2760ms (cache miss)
579 timing reifyNode:node_modules/express Completed in 3705ms
580 http fetch GET 200 https://registry.npmjs.org/dotenv/-/dotenv-17.4.1.tgz 2769ms (cache miss)
581 timing reifyNode:node_modules/dotenv Completed in 3721ms
582 http fetch GET 200 https://registry.npmjs.org/aws-ssl-profiles/-/aws-ssl-profiles-1.1.2.tgz 3214ms (cache miss)
583 timing reifyNode:node_modules/aws-ssl-profiles Completed in 3740ms
584 http fetch GET 200 https://registry.npmjs.org/math-intrinsics/-/math-intrinsics-1.1.0.tgz 3662ms (cache miss)
585 timing reifyNode:node_modules/math-intrinsics Completed in 3782ms
586 http fetch GET 200 https://registry.npmjs.org/object-inspect/-/object-inspect-1.13.4.tgz 3546ms (cache miss)
587 timing reifyNode:node_modules/object-inspect Completed in 3847ms
588 http fetch GET 200 https://registry.npmjs.org/qs/-/qs-6.15.1.tgz 3179ms (cache miss)
589 timing reifyNode:node_modules/qs Completed in 3863ms
590 http fetch GET 200 https://registry.npmjs.org/undici-types/-/undici-types-7.18.2.tgz 2975ms (cache miss)
591 timing reifyNode:node_modules/undici-types Completed in 3879ms
592 http fetch GET 200 https://registry.npmjs.org/iconv-lite/-/iconv-lite-0.7.2.tgz 3313ms (cache miss)
593 timing reifyNode:node_modules/iconv-lite Completed in 3905ms
594 http fetch GET 200 https://registry.npmjs.org/mysql2/-/mysql2-3.21.0.tgz 3132ms (cache miss)
595 timing reifyNode:node_modules/mysql2 Completed in 4069ms
596 http fetch GET 200 https://registry.npmjs.org/@types/node/-/node-25.5.2.tgz 3194ms (cache miss)
597 timing reifyNode:node_modules/@types/node Completed in 4108ms
598 timing reify:unpack Completed in 4120ms
599 timing reify:unretire Completed in 1ms
600 timing build:queue Completed in 6ms
601 timing build:deps Completed in 7ms
602 timing build Completed in 7ms
603 timing reify:build Completed in 9ms
604 timing reify:trash Completed in 0ms
605 timing reify:save Completed in 75ms
606 timing reify Completed in 8969ms
607 silly ADD node_modules/media-typer
608 silly ADD node_modules/dunder-proto
609 silly ADD node_modules/math-intrinsics
610 silly ADD node_modules/hasown
611 silly ADD node_modules/has-symbols
612 silly ADD node_modules/gopd
613 silly ADD node_modules/get-proto
614 silly ADD node_modules/es-object-atoms
615 silly ADD node_modules/es-define-property
616 silly ADD node_modules/function-bind
617 silly ADD node_modules/call-bind-apply-helpers
618 silly ADD node_modules/get-intrinsic
619 silly ADD node_modules/call-bound
620 silly ADD node_modules/side-channel-weakmap
621 silly ADD node_modules/side-channel-map
622 silly ADD node_modules/side-channel-list
623 silly ADD node_modules/object-inspect
624 silly ADD node_modules/es-errors
625 silly ADD node_modules/path-to-regexp
626 silly ADD node_modules/is-promise
627 silly ADD node_modules/unpipe
628 silly ADD node_modules/side-channel
629 silly ADD node_modules/ipaddr.js
630 silly ADD node_modules/forwarded
631 silly ADD node_modules/wrappy
632 silly ADD node_modules/ee-first
633 silly ADD node_modules/is-property
634 silly ADD node_modules/sql-escaper
635 silly ADD node_modules/named-placeholders
636 silly ADD node_modules/lru.min
637 silly ADD node_modules/long
638 silly ADD node_modules/generate-function
639 silly ADD node_modules/denque
640 silly ADD node_modules/aws-ssl-profiles
641 silly ADD node_modules/mime-db
642 silly ADD node_modules/safer-buffer
643 silly ADD node_modules/toidentifier
644 silly ADD node_modules/setprototypeof
645 silly ADD node_modules/inherits
646 silly ADD node_modules/ms
647 silly ADD node_modules/raw-body
648 silly ADD node_modules/iconv-lite
649 silly ADD node_modules/bytes
650 silly ADD node_modules/negotiator
651 silly ADD node_modules/vary
652 silly ADD node_modules/type-is
653 silly ADD node_modules/statuses
654 silly ADD node_modules/serve-static
655 silly ADD node_modules/send
656 silly ADD node_modules/router
657 silly ADD node_modules/range-parser
658 silly ADD node_modules/qs
659 silly ADD node_modules/proxy-addr
660 silly ADD node_modules/parseurl
661 silly ADD node_modules/once
662 silly ADD node_modules/on-finished
663 silly ADD node_modules/mime-types
664 silly ADD node_modules/merge-descriptors
665 silly ADD node_modules/http-errors
666 silly ADD node_modules/fresh
667 silly ADD node_modules/finalhandler
668 silly ADD node_modules/etag
669 silly ADD node_modules/escape-html
670 silly ADD node_modules/encodeurl
671 silly ADD node_modules/depd
672 silly ADD node_modules/debug
673 silly ADD node_modules/cookie-signature
674 silly ADD node_modules/cookie
675 silly ADD node_modules/content-type
676 silly ADD node_modules/content-disposition
677 silly ADD node_modules/body-parser
678 silly ADD node_modules/accepts
679 silly ADD node_modules/undici-types
680 silly ADD node_modules/@types/node
681 silly ADD node_modules/mysql2
682 silly ADD node_modules/express
683 silly ADD node_modules/dotenv
684 timing command:install Completed in 8992ms
685 verbose exit 0
686 timing npm Completed in 9450ms
687 info ok
